Component: Arm Compiler for Embedded 6.18 Tool: armlink [5e4cc100]

==============================================================================

Section Cross References

    uart.o(.ARM.exidx.text.USART2_Init) refers to uart.o(.text.USART2_Init) for [Anonymous Symbol]
    uart.o(.ARM.exidx.text.USART2_write) refers to uart.o(.text.USART2_write) for [Anonymous Symbol]
    uart.o(.ARM.exidx.text.USART2_read) refers to uart.o(.text.USART2_read) for [Anonymous Symbol]
    uart.o(.text.fgetc) refers to uart.o(.text.USART2_read) for USART2_read
    uart.o(.text.fgetc) refers to uart.o(.text.USART2_write) for USART2_write
    uart.o(.ARM.exidx.text.fgetc) refers to uart.o(.text.fgetc) for [Anonymous Symbol]
    uart.o(.text.fputc) refers to uart.o(.text.USART2_write) for USART2_write
    uart.o(.ARM.exidx.text.fputc) refers to uart.o(.text.fputc) for [Anonymous Symbol]
    uart.o(.text.test_setup) refers to uart.o(.rodata.str1.1) for .L.str
    uart.o(.text.test_setup) refers to printf.o(.text) for printf
    uart.o(.text.test_setup) refers to uart.o(.bss.n) for n
    uart.o(.text.test_setup) refers to scanf.o(.text) for scanf
    uart.o(.text.test_setup) refers to uart.o(.bss.str) for str
    uart.o(.text.test_setup) refers to gets.o(.text) for gets
    uart.o(.text.test_setup) refers to puts.o(.text) for puts
    uart.o(.ARM.exidx.text.test_setup) refers to uart.o(.text.test_setup) for [Anonymous Symbol]
    main.o(.text.main) refers to uart.o(.text.USART2_Init) for USART2_Init
    main.o(.text.main) refers to main.o(.rodata.str1.1) for .L.str
    main.o(.text.main) refers to printf.o(.text) for printf
    main.o(.text.main) refers to scanf.o(.text) for scanf
    main.o(.text.main) refers to gets.o(.text) for gets
    main.o(.text.main) refers to puts.o(.text) for puts
    main.o(.ARM.exidx.text.main) refers to main.o(.text.main) for [Anonymous Symbol]
    startup_stm32f302x8.o(STACK) refers (Special) to heapauxi.o(.text) for __use_two_region_memory
    startup_stm32f302x8.o(HEAP) refers (Special) to heapauxi.o(.text) for __use_two_region_memory
    startup_stm32f302x8.o(RESET) refers (Special) to heapauxi.o(.text) for __use_two_region_memory
    startup_stm32f302x8.o(RESET) refers to startup_stm32f302x8.o(STACK) for __initial_sp
    startup_stm32f302x8.o(RESET) refers to startup_stm32f302x8.o(.text) for Reset_Handler
    startup_stm32f302x8.o(.text) refers (Special) to heapauxi.o(.text) for __use_two_region_memory
    startup_stm32f302x8.o(.text) refers to system_stm32f3xx.o(.text.SystemInit) for SystemInit
    startup_stm32f302x8.o(.text) refers to __main.o(!!!main) for __main
    startup_stm32f302x8.o(.text) refers to startup_stm32f302x8.o(HEAP) for Heap_Mem
    startup_stm32f302x8.o(.text) refers to startup_stm32f302x8.o(STACK) for Stack_Mem
    system_stm32f3xx.o(.ARM.exidx.text.SystemInit) refers to system_stm32f3xx.o(.text.SystemInit) for [Anonymous Symbol]
    system_stm32f3xx.o(.text.SystemCoreClockUpdate) refers to system_stm32f3xx.o(.data.SystemCoreClock) for SystemCoreClock
    system_stm32f3xx.o(.text.SystemCoreClockUpdate) refers to system_stm32f3xx.o(.rodata.AHBPrescTable) for AHBPrescTable
    system_stm32f3xx.o(.ARM.exidx.text.SystemCoreClockUpdate) refers to system_stm32f3xx.o(.text.SystemCoreClockUpdate) for [Anonymous Symbol]
    printf.o(.text) refers (Special) to _printf_a.o(.ARM.Collect$$_printf_percent$$00000006) for _printf_a
    printf.o(.text) refers (Special) to _printf_c.o(.ARM.Collect$$_printf_percent$$00000013) for _printf_c
    printf.o(.text) refers (Special) to _printf_charcount.o(.text) for _printf_charcount
    printf.o(.text) refers (Special) to _printf_d.o(.ARM.Collect$$_printf_percent$$00000009) for _printf_d
    printf.o(.text) refers (Special) to _printf_e.o(.ARM.Collect$$_printf_percent$$00000004) for _printf_e
    printf.o(.text) refers (Special) to _printf_f.o(.ARM.Collect$$_printf_percent$$00000003) for _printf_f
    printf.o(.text) refers (Special) to printf1.o(x$fpl$printf1) for _printf_fp_dec
    printf.o(.text) refers (Special) to printf2.o(x$fpl$printf2) for _printf_fp_hex
    printf.o(.text) refers (Special) to _printf_g.o(.ARM.Collect$$_printf_percent$$00000005) for _printf_g
    printf.o(.text) refers (Special) to _printf_i.o(.ARM.Collect$$_printf_percent$$00000008) for _printf_i
    printf.o(.text) refers (Special) to _printf_dec.o(.text) for _printf_int_dec
    printf.o(.text) refers (Special) to _printf_l.o(.ARM.Collect$$_printf_percent$$00000012) for _printf_l
    printf.o(.text) refers (Special) to _printf_lc.o(.ARM.Collect$$_printf_percent$$00000015) for _printf_lc
    printf.o(.text) refers (Special) to _printf_ll.o(.ARM.Collect$$_printf_percent$$00000007) for _printf_ll
    printf.o(.text) refers (Special) to _printf_lld.o(.ARM.Collect$$_printf_percent$$0000000E) for _printf_lld
    printf.o(.text) refers (Special) to _printf_lli.o(.ARM.Collect$$_printf_percent$$0000000D) for _printf_lli
[...]
    .ARM.Collect$$_printf_percent$$0000000F  0x08000254   Section        6  _printf_llu.o(.ARM.Collect$$_printf_percent$$0000000F)
    .ARM.Collect$$_printf_percent$$00000010  0x0800025a   Section        6  _printf_llo.o(.ARM.Collect$$_printf_percent$$00000010)
    .ARM.Collect$$_printf_percent$$00000011  0x08000260   Section        6  _printf_llx.o(.ARM.Collect$$_printf_percent$$00000011)
    .ARM.Collect$$_printf_percent$$00000012  0x08000266   Section       10  _printf_l.o(.ARM.Collect$$_printf_percent$$00000012)
    .ARM.Collect$$_printf_percent$$00000013  0x08000270   Section        6  _printf_c.o(.ARM.Collect$$_printf_percent$$00000013)
    .ARM.Collect$$_printf_percent$$00000014  0x08000276   Section        6  _printf_s.o(.ARM.Collect$$_printf_percent$$00000014)
    .ARM.Collect$$_printf_percent$$00000015  0x0800027c   Section        6  _printf_lc.o(.ARM.Collect$$_printf_percent$$00000015)
    .ARM.Collect$$_printf_percent$$00000016  0x08000282   Section        6  _printf_ls.o(.ARM.Collect$$_printf_percent$$00000016)
    .ARM.Collect$$_printf_percent$$00000017  0x08000288   Section        4  _printf_percent_end.o(.ARM.Collect$$_printf_percent$$00000017)
    .ARM.Collect$$libinit$$00000000          0x0800028c   Section        2  libinit.o(.ARM.Collect$$libinit$$00000000)
    .ARM.Collect$$libinit$$00000001          0x0800028e   Section        4  libinit2.o(.ARM.Collect$$libinit$$00000001)
    .ARM.Collect$$libinit$$00000004          0x08000292   Section        0  libinit2.o(.ARM.Collect$$libinit$$00000004)
    .ARM.Collect$$libinit$$00000006          0x08000292   Section        0  libinit2.o(.ARM.Collect$$libinit$$00000006)
    .ARM.Collect$$libinit$$0000000C          0x08000292   Section        0  libinit2.o(.ARM.Collect$$libinit$$0000000C)
    .ARM.Collect$$libinit$$0000000E          0x08000292   Section        0  libinit2.o(.ARM.Collect$$libinit$$0000000E)
    .ARM.Collect$$libinit$$00000010          0x08000292   Section        0  libinit2.o(.ARM.Collect$$libinit$$00000010)
    .ARM.Collect$$libinit$$00000011          0x08000292   Section        6  libinit2.o(.ARM.Collect$$libinit$$00000011)
    .ARM.Collect$$libinit$$00000013          0x08000298   Section        0  libinit2.o(.ARM.Collect$$libinit$$00000013)
    .ARM.Collect$$libinit$$00000014          0x08000298   Section       12  libinit2.o(.ARM.Collect$$libinit$$00000014)
    .ARM.Collect$$libinit$$00000015          0x080002a4   Section        0  libinit2.o(.ARM.Collect$$libinit$$00000015)
    .ARM.Collect$$libinit$$00000017          0x080002a4   Section        0  libinit2.o(.ARM.Collect$$libinit$$00000017)
    .ARM.Collect$$libinit$$00000018          0x080002a4   Section       10  libinit2.o(.ARM.Collect$$libinit$$00000018)
    .ARM.Collect$$libinit$$00000019          0x080002ae   Section        0  libinit2.o(.ARM.Collect$$libinit$$00000019)
    .ARM.Collect$$libinit$$0000001B          0x080002ae   Section        0  libinit2.o(.ARM.Collect$$libinit$$0000001B)
    .ARM.Collect$$libinit$$0000001D          0x080002ae   Section        0  libinit2.o(.ARM.Collect$$libinit$$0000001D)
    .ARM.Collect$$libinit$$0000001F          0x080002ae   Section        0  libinit2.o(.ARM.Collect$$libinit$$0000001F)
    .ARM.Collect$$libinit$$00000021          0x080002ae   Section        0  libinit2.o(.ARM.Collect$$libinit$$00000021)
    .ARM.Collect$$libinit$$00000023          0x080002ae   Section        0  libinit2.o(.ARM.Collect$$libinit$$00000023)
    .ARM.Collect$$libinit$$00000025          0x080002ae   Section        0  libinit2.o(.ARM.Collect$$libinit$$00000025)
    .ARM.Collect$$libinit$$00000027          0x080002ae   Section        0  libinit2.o(.ARM.Collect$$libinit$$00000027)
    .ARM.Collect$$libinit$$0000002E          0x080002ae   Section        0  libinit2.o(.ARM.Collect$$libinit$$0000002E)
    .ARM.Collect$$libinit$$00000030          0x080002ae   Section        0  libinit2.o(.ARM.Collect$$libinit$$00000030)
    .ARM.Collect$$libinit$$00000032          0x080002ae   Section        0  libinit2.o(.ARM.Collect$$libinit$$00000032)
    .ARM.Collect$$libinit$$00000034          0x080002ae   Section        0  libinit2.o(.ARM.Collect$$libinit$$00000034)
    .ARM.Collect$$libinit$$00000035          0x080002ae   Section        2  libinit2.o(.ARM.Collect$$libinit$$00000035)
    .ARM.Collect$$libshutdown$$00000000      0x080002b0   Section        2  libshutdown.o(.ARM.Collect$$libshutdown$$00000000)
    .ARM.Collect$$libshutdown$$00000002      0x080002b2   Section        0  libshutdown2.o(.ARM.Collect$$libshutdown$$00000002)
    .ARM.Collect$$libshutdown$$00000004      0x080002b2   Section        0  libshutdown2.o(.ARM.Collect$$libshutdown$$00000004)
    .ARM.Collect$$libshutdown$$00000007      0x080002b2   Section        0  libshutdown2.o(.ARM.Collect$$libshutdown$$00000007)
    .ARM.Collect$$libshutdown$$0000000A      0x080002b2   Section        0  libshutdown2.o(.ARM.Collect$$libshutdown$$0000000A)
    .ARM.Collect$$libshutdown$$0000000C      0x080002b2   Section        0  libshutdown2.o(.ARM.Collect$$libshutdown$$0000000C)
    .ARM.Collect$$libshutdown$$0000000F      0x080002b2   Section        0  libshutdown2.o(.ARM.Collect$$libshutdown$$0000000F)
    .ARM.Collect$$libshutdown$$00000010      0x080002b2   Section        2  libshutdown2.o(.ARM.Collect$$libshutdown$$00000010)
    .ARM.Collect$$rtentry$$00000000          0x080002b4   Section        0  __rtentry.o(.ARM.Collect$$rtentry$$00000000)
    .ARM.Collect$$rtentry$$00000002          0x080002b4   Section        0  __rtentry2.o(.ARM.Collect$$rtentry$$00000002)
    .ARM.Collect$$rtentry$$00000004          0x080002b4   Section        6  __rtentry4.o(.ARM.Collect$$rtentry$$00000004)
    .ARM.Collect$$rtentry$$00000009          0x080002ba   Section        0  __rtentry2.o(.ARM.Collect$$rtentry$$00000009)
    .ARM.Collect$$rtentry$$0000000A          0x080002ba   Section        4  __rtentry2.o(.ARM.Collect$$rtentry$$0000000A)
    .ARM.Collect$$rtentry$$0000000C          0x080002be   Section        0  __rtentry2.o(.ARM.Collect$$rtentry$$0000000C)
    .ARM.Collect$$rtentry$$0000000D          0x080002be   Section        8  __rtentry2.o(.ARM.Collect$$rtentry$$0000000D)
    .ARM.Collect$$rtexit$$00000000           0x080002c6   Section        2  rtexit.o(.ARM.Collect$$rtexit$$00000000)
    .ARM.Collect$$rtexit$$00000002           0x080002c8   Section        0  rtexit2.o(.ARM.Collect$$rtexit$$00000002)
    .ARM.Collect$$rtexit$$00000003           0x080002c8   Section        4  rtexit2.o(.ARM.Collect$$rtexit$$00000003)
    .ARM.Collect$$rtexit$$00000004           0x080002cc   Section        6  rtexit2.o(.ARM.Collect$$rtexit$$00000004)
    $v0                                      0x080002d4   Number         0  startup_stm32f302x8.o(.text)
    .text                                    0x080002d4   Section       64  startup_stm32f302x8.o(.text)
    .text                                    0x08000314   Section        0  printf.o(.text)
    .text                                    0x0800032c   Section        0  scanf.o(.text)
    .text                                    0x0800034c   Section        0  gets.o(.text)
    .text                                    0x08000384   Section        0  puts.o(.text)
    .text                                    0x080003b0   Section        0  heapauxi.o(.text)
    .text                                    0x080003b6   Section        0  _printf_pad.o(.text)
    .text                                    0x08000404   Section        0  _printf_truncate.o(.text)
    .text                                    0x08000428   Section        0  _printf_str.o(.text)
    .text                                    0x0800047c   Section        0  _printf_dec.o(.text)
    .text                                    0x080004f4   Section        0  _printf_charcount.o(.text)
    .text                                    0x0800051c   Section        0  _printf_char_file.o(.text)
    .text                                    0x08000540   Section        0  _printf_wctomb.o(.text)
    .text                                    0x080005fc   Section        0  _printf_longlong_dec.o(.text)
    _printf_longlong_oct_internal            0x08000679   Thumb Code     0  _printf_oct_int_ll.o(.text)
    .text                                    0x08000678   Section        0  _printf_oct_int_ll.o(.text)
    _printf_hex_common                       0x080006e9   Thumb Code     0  _printf_hex_int_ll_ptr.o(.text)
    .text                                    0x080006e8   Section        0  _printf_hex_int_ll_ptr.o(.text)
    .text                                    0x0800077c   Section        0  __printf_flags_ss_wp.o(.text)
    .text                                    0x08000904   Section        0  _scanf_longlong.o(.text)
    .text                                    0x08000a5a   Section        0  _scanf_int.o(.text)
    .text                                    0x08000ba6   Section        0  _scanf_str.o(.text)
    .text                                    0x08000c88   Section        0  scanf_char_file.o(.text)
    .text                                    0x08000ca0   Section        0  _scanf_mbtowc.o(.text)
    .text                                    0x08000db4   Section        0  _scanf_wctomb.o(.text)
    .text                                    0x08000e9c   Section        0  _scanf_wstr.o(.text)
    .text                                    0x08000f6c   Section        0  ferror.o(.text)
    .text                                    0x08000f74   Section      138  lludiv10.o(.text)
    .text                                    0x08000ffe   Section        0  _printf_intcommon.o(.text)
    _fp_digits                               0x080010b1   Thumb Code   432  _printf_fp_dec.o(.text)
    .text                                    0x080010b0   Section        0  _printf_fp_dec.o(.text)
    .text                                    0x080014cc   Section        0  _printf_fp_hex.o(.text)
    _printf_input_char                       0x080017c9   Thumb Code    10  _printf_char_common.o(.text)
    .text                                    0x080017c8   Section        0  _printf_char_common.o(.text)
    .text                                    0x080017f8   Section        0  _printf_char.o(.text)
    .text                                    0x08001824   Section        0  _printf_wchar.o(.text)
    .text                                    0x08001850   Section        0  _chval.o(.text)
    _fp_value                                0x0800186d   Thumb Code   588  scanf_fp.o(.text)
    .text                                    0x0800186c   Section        0  scanf_fp.o(.text)
    _scanf_char_input                        0x08001d65   Thumb Code    12  scanf_char.o(.text)
    .text                                    0x08001d64   Section        0  scanf_char.o(.text)
    .text                                    0x08001d90   Section        0  _scanf_wcharmap.o(.text)
    .text                                    0x08001dae   Section        0  backspace.o(.text)
    .text                                    0x08001df6   Section        0  _mbrtoc16.o(.text)
    .text                                    0x08001e36   Section        0  _c16rtomb.o(.text)
    .text                                    0x08001e7e   Section       74  sys_stackheap_outer.o(.text)
    .text                                    0x08001ec8   Section       16  rt_ctype_table.o(.text)
    .text                                    0x08001ed8   Section        8  rt_locale_intlibspace.o(.text)
    .text                                    0x08001ee0   Section        8  rt_errno_addr_intlibspace.o(.text)
    .text                                    0x08001ee8   Section       38  llshl.o(.text)
    .text                                    0x08001f0e   Section        0  isspace.o(.text)
    .text                                    0x08001f20   Section        0  _printf_fp_infnan.o(.text)
    .text                                    0x08001fa0   Section        0  _scanf.o(.text)
    .text                                    0x08002314   Section        0  bigflt0.o(.text)
    .text                                    0x080023f8   Section        0  ungetc.o(.text)
    .text                                    0x08002440   Section        0  exit.o(.text)
    .text                                    0x08002454   Section        8  libspace.o(.text)
    .text                                    0x0800245c   Section        0  _rserrno.o(.text)
    .text                                    0x08002474   Section        0  scanf_hexfp.o(.text)
    .text                                    0x08002794   Section        0  scanf_infnan.o(.text)
    .text                                    0x080028c8   Section      124  strcmpv7em.o(.text)
    .text                                    0x08002944   Section        0  sys_exit.o(.text)
    .text                                    0x08002950   Section        2  use_no_semi.o(.text)
    .text                                    0x08002952   Section        0  indicate_semi.o(.text)
    [Anonymous Symbol]                       0x08002954   Section        0  system_stm32f3xx.o(.text.SystemInit)
    [Anonymous Symbol]                       0x08002968   Section        0  uart.o(.text.USART2_Init)
    [Anonymous Symbol]                       0x080029c8   Section        0  uart.o(.text.USART2_read)
    [Anonymous Symbol]                       0x080029ec   Section        0  uart.o(.text.USART2_write)
    [Anonymous Symbol]                       0x08002a1c   Section        0  uart.o(.text.fgetc)
    [Anonymous Symbol]                       0x08002a48   Section        0  uart.o(.text.fputc)
    [Anonymous Symbol]                       0x08002a5c   Section        0  main.o(.text.main)
    CL$$btod_d2e                             0x08002ad2   Section       62  btod.o(CL$$btod_d2e)
    CL$$btod_d2e_denorm_low                  0x08002b10   Section       70  btod.o(CL$$btod_d2e_denorm_low)
    CL$$btod_d2e_norm_op1                    0x08002b56   Section       96  btod.o(CL$$btod_d2e_norm_op1)
    CL$$btod_div_common                      0x08002bb8   Section      824  btod.o(CL$$btod_div_common)
    CL$$btod_e2d                             0x08002ef0   Section      132  btod.o(CL$$btod_e2d)
    CL$$btod_e2e                             0x08002f74   Section      220  btod.o(CL$$btod_e2e)
    CL$$btod_ediv                            0x08003050   Section       42  btod.o(CL$$btod_ediv)
    CL$$btod_edivd                           0x0800307a   Section       42  btod.o(CL$$btod_edivd)
    CL$$btod_emul                            0x080030a4   Section       42  btod.o(CL$$btod_emul)
    CL$$btod_emuld                           0x080030ce   Section       42  btod.o(CL$$btod_emuld)
    CL$$btod_mult_common                     0x080030f8   Section      580  btod.o(CL$$btod_mult_common)
    i.__ARM_fpclassify                       0x0800333c   Section        0  fpclassify.o(i.__ARM_fpclassify)
    i.__hardfp___mathlib_tofloat             0x08003370   Section        0  narrow.o(i.__hardfp___mathlib_tofloat)
    i.__hardfp_ldexp                         0x08003468   Section        0  ldexp.o(i.__hardfp_ldexp)
    i.__mathlib_dbl_overflow                 0x08003538   Section        0  dunder.o(i.__mathlib_dbl_overflow)
    i.__mathlib_dbl_underflow                0x08003558   Section        0  dunder.o(i.__mathlib_dbl_underflow)
    i.__mathlib_narrow                       0x08003578   Section        0  narrow.o(i.__mathlib_narrow)
    i.__support_ldexp                        0x0800358a   Section        0  ldexp.o(i.__support_ldexp)
    i._is_digit                              0x0800359e   Section        0  __printf_wp.o(i._is_digit)
    i.frexp                                  0x080035b0   Section        0  frexp.o(i.frexp)
    locale$$code                             0x0800363c   Section       44  lc_numeric_c.o(locale$$code)
    locale$$code                             0x08003668   Section       44  lc_ctype_c.o(locale$$code)
    $v0                                      0x08003694   Number         0  d2f.o(x$fpl$d2f)
    x$fpl$d2f                                0x08003694   Section       98  d2f.o(x$fpl$d2f)
    $v0                                      0x080036f8   Number         0  dcheck1.o(x$fpl$dcheck1)
    x$fpl$dcheck1                            0x080036f8   Section       16  dcheck1.o(x$fpl$dcheck1)
    $v0                                      0x08003708   Number         0  dcmpi.o(x$fpl$dcmpinf)
    x$fpl$dcmpinf                            0x08003708   Section       24  dcmpi.o(x$fpl$dcmpinf)
    $v0                                      0x08003720   Number         0  deqf.o(x$fpl$deqf)
    x$fpl$deqf                               0x08003720   Section      120  deqf.o(x$fpl$deqf)
    $v0                                      0x08003798   Number         0  dleqf.o(x$fpl$dleqf)
    x$fpl$dleqf                              0x08003798   Section      120  dleqf.o(x$fpl$dleqf)
    $v0                                      0x08003810   Number         0  dmul.o(x$fpl$dmul)
    x$fpl$dmul                               0x08003810   Section      340  dmul.o(x$fpl$dmul)
    $v0                                      0x08003964   Number         0  dnaninf.o(x$fpl$dnaninf)
    x$fpl$dnaninf                            0x08003964   Section      156  dnaninf.o(x$fpl$dnaninf)
    $v0                                      0x08003a00   Number         0  dretinf.o(x$fpl$dretinf)
    x$fpl$dretinf                            0x08003a00   Section       12  dretinf.o(x$fpl$dretinf)
    $v0                                      0x08003a0c   Number         0  drleqf.o(x$fpl$drleqf)
    x$fpl$drleqf                             0x08003a0c   Section      108  drleqf.o(x$fpl$drleqf)
    $v0                                      0x08003a78   Number         0  fpinit.o(x$fpl$fpinit)
    x$fpl$fpinit                             0x08003a78   Section       26  fpinit.o(x$fpl$fpinit)
    $v0                                      0x08003a92   Number         0  fretinf.o(x$fpl$fretinf)
    x$fpl$fretinf                            0x08003a92   Section       10  fretinf.o(x$fpl$fretinf)
    $v0                                      0x08003a9c   Number         0  istatus.o(x$fpl$ieeestatus)
    x$fpl$ieeestatus                         0x08003a9c   Section        6  istatus.o(x$fpl$ieeestatus)
    $v0                                      0x08003aa2   Number         0  printf1.o(x$fpl$printf1)
    x$fpl$printf1                            0x08003aa2   Section        4  printf1.o(x$fpl$printf1)
    $v0                                      0x08003aa6   Number         0  printf2.o(x$fpl$printf2)
    x$fpl$printf2                            0x08003aa6   Section        4  printf2.o(x$fpl$printf2)
    $v0                                      0x08003aaa   Number         0  retnan.o(x$fpl$retnan)
    x$fpl$retnan                             0x08003aaa   Section      100  retnan.o(x$fpl$retnan)
    $v0                                      0x08003b0e   Number         0  scalbn.o(x$fpl$scalbn)
    x$fpl$scalbn                             0x08003b0e   Section       92  scalbn.o(x$fpl$scalbn)
    $v0                                      0x08003b6a   Number         0  scanf1.o(x$fpl$scanf1)
    x$fpl$scanf1                             0x08003b6a   Section        4  scanf1.o(x$fpl$scanf1)
    $v0                                      0x08003b6e   Number         0  scanf2.o(x$fpl$scanf2)
    x$fpl$scanf2                             0x08003b6e   Section        8  scanf2.o(x$fpl$scanf2)
    $v0                                      0x08003b76   Number         0  trapv.o(x$fpl$trapveneer)
    x$fpl$trapveneer                         0x08003b76   Section       48  trapv.o(x$fpl$trapveneer)
    x$fpl$usenofp                            0x08003ba6   Section        0  usenofp.o(x$fpl$usenofp)
    initial_mbstate                          0x08003ba8   Data           8  _printf_wctomb.o(.constdata)
    .constdata                               0x08003ba8   Section        8  _printf_wctomb.o(.constdata)
    uc_hextab                                0x08003bb0   Data          20  _printf_hex_int_ll_ptr.o(.constdata)
    .constdata                               0x08003bb0   Section       40  _printf_hex_int_ll_ptr.o(.constdata)
    lc_hextab                                0x08003bc4   Data          20  _printf_hex_int_ll_ptr.o(.constdata)
    maptable                                 0x08003bd8   Data          17  __printf_flags_ss_wp.o(.constdata)
    .constdata                               0x08003bd8   Section       17  __printf_flags_ss_wp.o(.constdata)
    lc_hextab                                0x08003be9   Data          19  _printf_fp_hex.o(.constdata)
    .constdata                               0x08003be9   Section       38  _printf_fp_hex.o(.constdata)
    uc_hextab                                0x08003bfc   Data          19  _printf_fp_hex.o(.constdata)
    tenpwrs_x                                0x08003c10   Data          60  bigflt0.o(.constdata)
    .constdata                               0x08003c10   Section      148  bigflt0.o(.constdata)
    tenpwrs_i                                0x08003c4c   Data          64  bigflt0.o(.constdata)
    .L.str.3                                 0x08003ca4   Data          28  main.o(.rodata.str1.1)
    [Anonymous Symbol]                       0x08003ca4   Section        0  main.o(.rodata.str1.1)
    .L.str.6                                 0x08003cbd   Data           3  main.o(.rodata.str1.1)
    .L.str                                   0x08003cc0   Data          28  main.o(.rodata.str1.1)
    .L.str.5                                 0x08003cdc   Data          24  main.o(.rodata.str1.1)
    .L.str.4                                 0x08003cf4   Data          23  main.o(.rodata.str1.1)
    .L.str.1                                 0x08003d0b   Data          23  main.o(.rodata.str1.1)
    .L.str.2                                 0x08003d22   Data           3  main.o(.rodata.str1.1)
    c$$dinf                                  0x08003d48   Section        8  fpconst.o(c$$dinf)
    c$$dmax                                  0x08003d50   Section        8  fpconst.o(c$$dmax)
    locale$$data                             0x08003d58   Section       28  lc_numeric_c.o(locale$$data)
    __lcnum_c_name                           0x08003d5c   Data           2  lc_numeric_c.o(locale$$data)
    __lcnum_c_start                          0x08003d64   Data           0  lc_numeric_c.o(locale$$data)
    __lcnum_c_point                          0x08003d70   Data           0  lc_numeric_c.o(locale$$data)
    __lcnum_c_thousands                      0x08003d72   Data           0  lc_numeric_c.o(locale$$data)
    __lcnum_c_grouping                       0x08003d73   Data           0  lc_numeric_c.o(locale$$data)
    __lcnum_c_end                            0x08003d74   Data           0  lc_numeric_c.o(locale$$data)
    locale$$data                             0x08003d74   Section      272  lc_ctype_c.o(locale$$data)
    __lcctype_c_name                         0x08003d78   Data           2  lc_ctype_c.o(locale$$data)
    __lcctype_c_start                        0x08003d80   Data           0  lc_ctype_c.o(locale$$data)
    __lcctype_c_end                          0x08003e84   Data           0  lc_ctype_c.o(locale$$data)
    .bss                                     0x20000058   Section       96  libspace.o(.bss)
    Heap_Mem                                 0x20000110   Data         512  startup_stm32f302x8.o(HEAP)
    HEAP                                     0x20000110   Section      512  startup_stm32f302x8.o(HEAP)
    Stack_Mem                                0x20000310   Data        1024  startup_stm32f302x8.o(STACK)
    STACK                                    0x20000310   Section     1024  startup_stm32f302x8.o(STACK)
    __initial_sp                             0x20000710   Data           0  startup_stm32f302x8.o(STACK)

    Global Symbols

    Symbol Name                              Value     Ov Type        Size  Object(Section)

    BuildAttributes$$THM_ISAv4$E$P$D$K$B$S$7EM$VFPi3$EXTD16$VFPS$VFMA$PE$A:L22UL41UL21$X:L11$S22US41US21$IEEE1$IW$~IW$USESV6$~STKCKD$USESV7$~SHL$OTIME$ROPI$IEEEX$EBA8$UX$STANDARDLIB$REQ8$PRES8$EABIv2 0x00000000   Number         0  anon$$obj.o ABSOLUTE
    _printf_flags                            0x00000000   Number         0  printf_stubs.o ABSOLUTE
    _printf_return_value                     0x00000000   Number         0  printf_stubs.o ABSOLUTE
    _printf_sizespec                         0x00000000   Number         0  printf_stubs.o ABSOLUTE
    _printf_widthprec                        0x00000000   Number         0  printf_stubs.o ABSOLUTE
    __ARM_exceptions_init                     - Undefined Weak Reference
    __alloca_initialize                       - Undefined Weak Reference
    __arm_preinit_                            - Undefined Weak Reference
    __arm_relocate_pie_                       - Undefined Weak Reference
    __cpp_initialize__aeabi_                  - Undefined Weak Reference
    __cxa_finalize                            - Undefined Weak Reference
    __sigvec_lookup                           - Undefined Weak Reference
    _atexit_init                              - Undefined Weak Reference
    _call_atexit_fns                          - Undefined Weak Reference
    _clock_init                               - Undefined Weak Reference
    _fp_trap_init                             - Undefined Weak Reference
    _fp_trap_shutdown                         - Undefined Weak Reference
    _get_lc_collate                           - Undefined Weak Reference
    _get_lc_monetary                          - Undefined Weak Reference
    _get_lc_time                              - Undefined Weak Reference
    _getenv_init                              - Undefined Weak Reference
    _handle_redirection                       - Undefined Weak Reference
    _init_alloc                               - Undefined Weak Reference
    _init_user_alloc                          - Undefined Weak Reference
    _initio                                   - Undefined Weak Reference
    _mutex_acquire                            - Undefined Weak Reference
    _mutex_release                            - Undefined Weak Reference
    _printf_mbtowc                            - Undefined Weak Reference
    _printf_wc                                - Undefined Weak Reference
    _rand_init                                - Undefined Weak Reference
    _signal_finish                            - Undefined Weak Reference
    _signal_init                              - Undefined Weak Reference
    _terminate_alloc                          - Undefined Weak Reference
    _terminate_user_alloc                     - Undefined Weak Reference
    _terminateio                              - Undefined Weak Reference
    __Vectors_Size                           0x00000188   Number         0  startup_stm32f302x8.o ABSOLUTE
    __Vectors                                0x08000000   Data           4  startup_stm32f302x8.o(RESET)
    __Vectors_End                            0x08000188   Data           0  startup_stm32f302x8.o(RESET)
    __main                                   0x08000189   Thumb Code     8  __main.o(!!!main)
    __scatterload                            0x08000191   Thumb Code     0  __scatter.o(!!!scatter)
    __scatterload_rt2                        0x08000191   Thumb Code    44  __scatter.o(!!!scatter)
    __scatterload_rt2_thumb_only             0x08000191   Thumb Code     0  __scatter.o(!!!scatter)
    __scatterload_null                       0x0800019f   Thumb Code     0  __scatter.o(!!!scatter)
    __scatterload_copy                       0x080001c5   Thumb Code    26  __scatter_copy.o(!!handler_copy)
    __scatterload_zeroinit                   0x080001e1   Thumb Code    28  __scatter_zi.o(!!handler_zi)
    _printf_n                                0x080001fd   Thumb Code     0  _printf_n.o(.ARM.Collect$$_printf_percent$$00000001)
    _printf_percent                          0x080001fd   Thumb Code     0  _printf_percent.o(.ARM.Collect$$_printf_percent$$00000000)
    _printf_p                                0x08000203   Thumb Code     0  _printf_p.o(.ARM.Collect$$_printf_percent$$00000002)
    _printf_f                                0x08000209   Thumb Code     0  _printf_f.o(.ARM.Collect$$_printf_percent$$00000003)
    _printf_e                                0x0800020f   Thumb Code     0  _printf_e.o(.ARM.Collect$$_printf_percent$$00000004)
    _printf_g                                0x08000215   Thumb Code     0  _printf_g.o(.ARM.Collect$$_printf_percent$$00000005)
    _printf_a                                0x0800021b   Thumb Code     0  _printf_a.o(.ARM.Collect$$_printf_percent$$00000006)
    _printf_ll                               0x08000221   Thumb Code     0  _printf_ll.o(.ARM.Collect$$_printf_percent$$00000007)
    _printf_i                                0x0800022b   Thumb Code     0  _printf_i.o(.ARM.Collect$$_printf_percent$$00000008)
    _printf_d                                0x08000231   Thumb Code     0  _printf_d.o(.ARM.Collect$$_printf_percent$$00000009)
    _printf_u                                0x08000237   Thumb Code     0  _printf_u.o(.ARM.Collect$$_printf_percent$$0000000A)
    _printf_o                                0x0800023d   Thumb Code     0  _printf_o.o(.ARM.Collect$$_printf_percent$$0000000B)
    _printf_x                                0x08000243   Thumb Code     0  _printf_x.o(.ARM.Collect$$_printf_percent$$0000000C)
    _printf_lli                              0x08000249   Thumb Code     0  _printf_lli.o(.ARM.Collect$$_printf_percent$$0000000D)
    _printf_lld                              0x0800024f   Thumb Code     0  _printf_lld.o(.ARM.Collect$$_printf_percent$$0000000E)
    _printf_llu                              0x08000255   Thumb Code     0  _printf_llu.o(.ARM.Collect$$_printf_percent$$0000000F)
    _printf_llo                              0x0800025b   Thumb Code     0  _printf_llo.o(.ARM.Collect$$_printf_percent$$00000010)
    _printf_llx                              0x08000261   Thumb Code     0  _printf_llx.o(.ARM.Collect$$_printf_percent$$00000011)
    _printf_l                                0x08000267   Thumb Code     0  _printf_l.o(.ARM.Collect$$_printf_percent$$00000012)
    _printf_c                                0x08000271   Thumb Code     0  _printf_c.o(.ARM.Collect$$_printf_percent$$00000013)
    _printf_s                                0x08000277   Thumb Code     0  _printf_s.o(.ARM.Collect$$_printf_percent$$00000014)
    _printf_lc                               0x0800027d   Thumb Code     0  _printf_lc.o(.ARM.Collect$$_printf_percent$$00000015)
    _printf_ls                               0x08000283   Thumb Code     0  _printf_ls.o(.ARM.Collect$$_printf_percent$$00000016)
    _printf_percent_end                      0x08000289   Thumb Code     0  _printf_percent_end.o(.ARM.Collect$$_printf_percent$$00000017)
    __rt_lib_init                            0x0800028d   Thumb Code     0  libinit.o(.ARM.Collect$$libinit$$00000000)
    __rt_lib_init_fp_1                       0x0800028f   Thumb Code     0  libinit2.o(.ARM.Collect$$libinit$$00000001)
    __rt_lib_init_heap_1                     0x08000293   Thumb Code     0  libinit2.o(.ARM.Collect$$libinit$$0000000C)
    __rt_lib_init_lc_common                  0x08000293   Thumb Code     0  libinit2.o(.ARM.Collect$$libinit$$00000011)
    __rt_lib_init_preinit_1                  0x08000293   Thumb Code     0  libinit2.o(.ARM.Collect$$libinit$$00000006)
    __rt_lib_init_rand_1                     0x08000293   Thumb Code     0  libinit2.o(.ARM.Collect$$libinit$$00000010)
    __rt_lib_init_relocate_pie_1             0x08000293   Thumb Code     0  libinit2.o(.ARM.Collect$$libinit$$00000004)
    __rt_lib_init_user_alloc_1               0x08000293   Thumb Code     0  libinit2.o(.ARM.Collect$$libinit$$0000000E)
    __rt_lib_init_lc_collate_1               0x08000299   Thumb Code     0  libinit2.o(.ARM.Collect$$libinit$$00000013)
    __rt_lib_init_lc_ctype_2                 0x08000299   Thumb Code     0  libinit2.o(.ARM.Collect$$libinit$$00000014)
    __rt_lib_init_lc_ctype_1                 0x080002a5   Thumb Code     0  libinit2.o(.ARM.Collect$$libinit$$00000015)
    __rt_lib_init_lc_monetary_1              0x080002a5   Thumb Code     0  libinit2.o(.ARM.Collect$$libinit$$00000017)
    __rt_lib_init_lc_numeric_2               0x080002a5   Thumb Code     0  libinit2.o(.ARM.Collect$$libinit$$00000018)
    __rt_lib_init_alloca_1                   0x080002af   Thumb Code     0  libinit2.o(.ARM.Collect$$libinit$$00000030)
    __rt_lib_init_argv_1                     0x080002af   Thumb Code     0  libinit2.o(.ARM.Collect$$libinit$$0000002E)
    __rt_lib_init_atexit_1                   0x080002af   Thumb Code     0  libinit2.o(.ARM.Collect$$libinit$$0000001D)
    __rt_lib_init_clock_1                    0x080002af   Thumb Code     0  libinit2.o(.ARM.Collect$$libinit$$00000023)
    __rt_lib_init_cpp_1                      0x080002af   Thumb Code     0  libinit2.o(.ARM.Collect$$libinit$$00000034)
    __rt_lib_init_exceptions_1               0x080002af   Thumb Code     0  libinit2.o(.ARM.Collect$$libinit$$00000032)
    __rt_lib_init_fp_trap_1                  0x080002af   Thumb Code     0  libinit2.o(.ARM.Collect$$libinit$$00000021)
    __rt_lib_init_getenv_1                   0x080002af   Thumb Code     0  libinit2.o(.ARM.Collect$$libinit$$00000025)
    __rt_lib_init_lc_numeric_1               0x080002af   Thumb Code     0  libinit2.o(.ARM.Collect$$libinit$$00000019)
    __rt_lib_init_lc_time_1                  0x080002af   Thumb Code     0  libinit2.o(.ARM.Collect$$libinit$$0000001B)
    __rt_lib_init_return                     0x080002af   Thumb Code     0  libinit2.o(.ARM.Collect$$libinit$$00000035)
    __rt_lib_init_signal_1                   0x080002af   Thumb Code     0  libinit2.o(.ARM.Collect$$libinit$$0000001F)
    __rt_lib_init_stdio_1                    0x080002af   Thumb Code     0  libinit2.o(.ARM.Collect$$libinit$$00000027)
    __rt_lib_shutdown                        0x080002b1   Thumb Code     0  libshutdown.o(.ARM.Collect$$libshutdown$$00000000)
    __rt_lib_shutdown_cpp_1                  0x080002b3   Thumb Code     0  libshutdown2.o(.ARM.Collect$$libshutdown$$00000002)
    __rt_lib_shutdown_fp_trap_1              0x080002b3   Thumb Code     0  libshutdown2.o(.ARM.Collect$$libshutdown$$00000007)
    __rt_lib_shutdown_heap_1                 0x080002b3   Thumb Code     0  libshutdown2.o(.ARM.Collect$$libshutdown$$0000000F)
    __rt_lib_shutdown_return                 0x080002b3   Thumb Code     0  libshutdown2.o(.ARM.Collect$$libshutdown$$00000010)
    __rt_lib_shutdown_signal_1               0x080002b3   Thumb Code     0  libshutdown2.o(.ARM.Collect$$libshutdown$$0000000A)
    __rt_lib_shutdown_stdio_1                0x080002b3   Thumb Code     0  libshutdown2.o(.ARM.Collect$$libshutdown$$00000004)
    __rt_lib_shutdown_user_alloc_1           0x080002b3   Thumb Code     0  libshutdown2.o(.ARM.Collect$$libshutdown$$0000000C)
    __rt_entry                               0x080002b5   Thumb Code     0  __rtentry.o(.ARM.Collect$$rtentry$$00000000)
    __rt_entry_presh_1                       0x080002b5   Thumb Code     0  __rtentry2.o(.ARM.Collect$$rtentry$$00000002)
    __rt_entry_sh                            0x080002b5   Thumb Code     0  __rtentry4.o(.ARM.Collect$$rtentry$$00000004)
    __rt_entry_li                            0x080002bb   Thumb Code     0  __rtentry2.o(.ARM.Collect$$rtentry$$0000000A)
    __rt_entry_postsh_1                      0x080002bb   Thumb Code     0  __rtentry2.o(.ARM.Collect$$rtentry$$00000009)
    __rt_entry_main                          0x080002bf   Thumb Code     0  __rtentry2.o(.ARM.Collect$$rtentry$$0000000D)
    __rt_entry_postli_1                      0x080002bf   Thumb Code     0  __rtentry2.o(.ARM.Collect$$rtentry$$0000000C)
    __rt_exit                                0x080002c7   Thumb Code     0  rtexit.o(.ARM.Collect$$rtexit$$00000000)
    __rt_exit_ls                             0x080002c9   Thumb Code     0  rtexit2.o(.ARM.Collect$$rtexit$$00000003)
    __rt_exit_prels_1                        0x080002c9   Thumb Code     0  rtexit2.o(.ARM.Collect$$rtexit$$00000002)
    __rt_exit_exit                           0x080002cd   Thumb Code     0  rtexit2.o(.ARM.Collect$$rtexit$$00000004)
    Reset_Handler                            0x080002d5   Thumb Code     8  startup_stm32f302x8.o(.text)
    NMI_Handler                              0x080002dd   Thumb Code     2  startup_stm32f302x8.o(.text)
    HardFault_Handler                        0x080002df   Thumb Code     2  startup_stm32f302x8.o(.text)
    MemManage_Handler                        0x080002e1   Thumb Code     2  startup_stm32f302x8.o(.text)
    BusFault_Handler                         0x080002e3   Thumb Code     2  startup_stm32f302x8.o(.text)
    UsageFault_Handler                       0x080002e5   Thumb Code     2  startup_stm32f302x8.o(.text)
    SVC_Handler                              0x080002e7   Thumb Code     2  startup_stm32f302x8.o(.text)
    DebugMon_Handler                         0x080002e9   Thumb Code     2  startup_stm32f302x8.o(.text)
    PendSV_Handler                           0x080002eb   Thumb Code     2  startup_stm32f302x8.o(.text)
    SysTick_Handler                          0x080002ed   Thumb Code     2  startup_stm32f302x8.o(.text)
    ADC1_IRQHandler                          0x080002ef   Thumb Code     0  startup_stm32f302x8.o(.text)
    CAN_RX1_IRQHandler                       0x080002ef   Thumb Code     0  startup_stm32f302x8.o(.text)
    CAN_SCE_IRQHandler                       0x080002ef   Thumb Code     0  startup_stm32f302x8.o(.text)
    COMP2_IRQHandler                         0x080002ef   Thumb Code     0  startup_stm32f302x8.o(.text)
    COMP4_6_IRQHandler                       0x080002ef   Thumb Code     0  startup_stm32f302x8.o(.text)
    DMA1_Channel1_IRQHandler                 0x080002ef   Thumb Code     0  startup_stm32f302x8.o(.text)
    DMA1_Channel2_IRQHandler                 0x080002ef   Thumb Code     0  startup_stm32f302x8.o(.text)
    DMA1_Channel3_IRQHandler                 0x080002ef   Thumb Code     0  startup_stm32f302x8.o(.text)
    DMA1_Channel4_IRQHandler                 0x080002ef   Thumb Code     0  startup_stm32f302x8.o(.text)
    DMA1_Channel5_IRQHandler                 0x080002ef   Thumb Code     0  startup_stm32f302x8.o(.text)
    DMA1_Channel6_IRQHandler                 0x080002ef   Thumb Code     0  startup_stm32f302x8.o(.text)
    DMA1_Channel7_IRQHandler                 0x080002ef   Thumb Code     0  startup_stm32f302x8.o(.text)
    EXTI0_IRQHandler                         0x080002ef   Thumb Code     0  startup_stm32f302x8.o(.text)
    EXTI15_10_IRQHandler                     0x080002ef   Thumb Code     0  startup_stm32f302x8.o(.text)
    EXTI1_IRQHandler                         0x080002ef   Thumb Code     0  startup_stm32f302x8.o(.text)
    EXTI2_TSC_IRQHandler                     0x080002ef   Thumb Code     0  startup_stm32f302x8.o(.text)
    EXTI3_IRQHandler                         0x080002ef   Thumb Code     0  startup_stm32f302x8.o(.text)
    EXTI4_IRQHandler                         0x080002ef   Thumb Code     0  startup_stm32f302x8.o(.text)
    EXTI9_5_IRQHandler                       0x080002ef   Thumb Code     0  startup_stm32f302x8.o(.text)
    FLASH_IRQHandler                         0x080002ef   Thumb Code     0  startup_stm32f302x8.o(.text)
    FPU_IRQHandler                           0x080002ef   Thumb Code     0  startup_stm32f302x8.o(.text)
    I2C1_ER_IRQHandler                       0x080002ef   Thumb Code     0  startup_stm32f302x8.o(.text)
    I2C1_EV_IRQHandler                       0x080002ef   Thumb Code     0  startup_stm32f302x8.o(.text)
    I2C2_ER_IRQHandler                       0x080002ef   Thumb Code     0  startup_stm32f302x8.o(.text)
    I2C2_EV_IRQHandler                       0x080002ef   Thumb Code     0  startup_stm32f302x8.o(.text)
    I2C3_ER_IRQHandler                       0x080002ef   Thumb Code     0  startup_stm32f302x8.o(.text)
    I2C3_EV_IRQHandler                       0x080002ef   Thumb Code     0  startup_stm32f302x8.o(.text)
    PVD_IRQHandler                           0x080002ef   Thumb Code     0  startup_stm32f302x8.o(.text)
    RCC_IRQHandler                           0x080002ef   Thumb Code     0  startup_stm32f302x8.o(.text)
    RTC_Alarm_IRQHandler                     0x080002ef   Thumb Code     0  startup_stm32f302x8.o(.text)
    RTC_WKUP_IRQHandler                      0x080002ef   Thumb Code     0  startup_stm32f302x8.o(.text)
    SPI2_IRQHandler                          0x080002ef   Thumb Code     0  startup_stm32f302x8.o(.text)
    SPI3_IRQHandler                          0x080002ef   Thumb Code     0  startup_stm32f302x8.o(.text)
    TAMP_STAMP_IRQHandler                    0x080002ef   Thumb Code     0  startup_stm32f302x8.o(.text)
    TIM1_BRK_TIM15_IRQHandler                0x080002ef   Thumb Code     0  startup_stm32f302x8.o(.text)
    TIM1_CC_IRQHandler                       0x080002ef   Thumb Code     0  startup_stm32f302x8.o(.text)
    TIM1_TRG_COM_TIM17_IRQHandler            0x080002ef   Thumb Code     0  startup_stm32f302x8.o(.text)
    TIM1_UP_TIM16_IRQHandler                 0x080002ef   Thumb Code     0  startup_stm32f302x8.o(.text)
    TIM2_IRQHandler                          0x080002ef   Thumb Code     0  startup_stm32f302x8.o(.text)
    TIM6_DAC_IRQHandler                      0x080002ef   Thumb Code     0  startup_stm32f302x8.o(.text)
    USART1_IRQHandler                        0x080002ef   Thumb Code     0  startup_stm32f302x8.o(.text)
    USART2_IRQHandler                        0x080002ef   Thumb Code     0  startup_stm32f302x8.o(.text)
    USART3_IRQHandler                        0x080002ef   Thumb Code     0  startup_stm32f302x8.o(.text)
    USBWakeUp_IRQHandler                     0x080002ef   Thumb Code     0  startup_stm32f302x8.o(.text)
    USBWakeUp_RMP_IRQHandler                 0x080002ef   Thumb Code     0  startup_stm32f302x8.o(.text)
    USB_HP_CAN_TX_IRQHandler                 0x080002ef   Thumb Code     0  startup_stm32f302x8.o(.text)
    USB_HP_IRQHandler                        0x080002ef   Thumb Code     0  startup_stm32f302x8.o(.text)
    USB_LP_CAN_RX0_IRQHandler                0x080002ef   Thumb Code     0  startup_stm32f302x8.o(.text)
    USB_LP_IRQHandler                        0x080002ef   Thumb Code     0  startup_stm32f302x8.o(.text)
    WWDG_IRQHandler                          0x080002ef   Thumb Code     0  startup_stm32f302x8.o(.text)
    __user_initial_stackheap                 0x080002f1   Thumb Code     0  startup_stm32f302x8.o(.text)
    printf                                   0x08000315   Thumb Code    20  printf.o(.text)
    scanf                                    0x0800032d   Thumb Code    26  scanf.o(.text)
    gets                                     0x0800034d   Thumb Code    52  gets.o(.text)
    puts                                     0x08000385   Thumb Code    40  puts.o(.text)
    __use_two_region_memory                  0x080003b1   Thumb Code     2  heapauxi.o(.text)
    __rt_heap_escrow$2region                 0x080003b3   Thumb Code     2  heapauxi.o(.text)
    __rt_heap_expand$2region                 0x080003b5   Thumb Code     2  heapauxi.o(.text)
    _printf_pre_padding                      0x080003b7   Thumb Code    44  _printf_pad.o(.text)
    _printf_post_padding                     0x080003e3   Thumb Code    34  _printf_pad.o(.text)
    _printf_truncate_signed                  0x08000405   Thumb Code    18  _printf_truncate.o(.text)
    _printf_truncate_unsigned                0x08000417   Thumb Code    18  _printf_truncate.o(.text)
    _printf_str                              0x08000429   Thumb Code    82  _printf_str.o(.text)
    _printf_int_dec                          0x0800047d   Thumb Code   104  _printf_dec.o(.text)
    _printf_charcount                        0x080004f5   Thumb Code    40  _printf_charcount.o(.text)
    _printf_char_file                        0x0800051d   Thumb Code    32  _printf_char_file.o(.text)
    _printf_wctomb                           0x08000541   Thumb Code   182  _printf_wctomb.o(.text)
    _printf_longlong_dec                     0x080005fd   Thumb Code   108  _printf_longlong_dec.o(.text)
    _printf_longlong_oct                     0x08000679   Thumb Code    68  _printf_oct_int_ll.o(.text)
    _printf_int_oct                          0x080006bd   Thumb Code    24  _printf_oct_int_ll.o(.text)
    _printf_ll_oct                           0x080006d5   Thumb Code    12  _printf_oct_int_ll.o(.text)
    _printf_longlong_hex                     0x080006e9   Thumb Code    86  _printf_hex_int_ll_ptr.o(.text)
    _printf_int_hex                          0x0800073f   Thumb Code    28  _printf_hex_int_ll_ptr.o(.text)
    _printf_ll_hex                           0x0800075b   Thumb Code    12  _printf_hex_int_ll_ptr.o(.text)
    _printf_hex_ptr                          0x08000767   Thumb Code    18  _printf_hex_int_ll_ptr.o(.text)
    __printf                                 0x0800077d   Thumb Code   388  __printf_flags_ss_wp.o(.text)
    _scanf_longlong                          0x08000905   Thumb Code   342  _scanf_longlong.o(.text)
    _scanf_int                               0x08000a5b   Thumb Code   332  _scanf_int.o(.text)
    _scanf_string                            0x08000ba7   Thumb Code   224  _scanf_str.o(.text)
    __vfscanf_char_file                      0x08000c89   Thumb Code    16  scanf_char_file.o(.text)
    _scanf_mbtowc                            0x08000ca1   Thumb Code   276  _scanf_mbtowc.o(.text)
    _scanf_wctomb                            0x08000db5   Thumb Code   232  _scanf_wctomb.o(.text)
    _scanf_wstring                           0x08000e9d   Thumb Code   208  _scanf_wstr.o(.text)
    ferror                                   0x08000f6d   Thumb Code     8  ferror.o(.text)
    _ll_udiv10                               0x08000f75   Thumb Code   138  lludiv10.o(.text)
    _printf_int_common                       0x08000fff   Thumb Code   178  _printf_intcommon.o(.text)
    _printf_fp_dec_real                      0x08001261   Thumb Code   620  _printf_fp_dec.o(.text)
    _printf_fp_hex_real                      0x080014cd   Thumb Code   756  _printf_fp_hex.o(.text)
    _printf_char_common                      0x080017d3   Thumb Code    32  _printf_char_common.o(.text)
    _printf_cs_common                        0x080017f9   Thumb Code    20  _printf_char.o(.text)
    _printf_char                             0x0800180d   Thumb Code    16  _printf_char.o(.text)
    _printf_string                           0x0800181d   Thumb Code     8  _printf_char.o(.text)
    _printf_lcs_common                       0x08001825   Thumb Code    20  _printf_wchar.o(.text)
    _printf_wchar                            0x08001839   Thumb Code    16  _printf_wchar.o(.text)
    _printf_wstring                          0x08001849   Thumb Code     8  _printf_wchar.o(.text)
    _chval                                   0x08001851   Thumb Code    28  _chval.o(.text)
    _scanf_really_real                       0x08001ab9   Thumb Code   684  scanf_fp.o(.text)
    __vfscanf_char                           0x08001d71   Thumb Code    24  scanf_char.o(.text)
    _scanf_wcharmap                          0x08001d91   Thumb Code    30  _scanf_wcharmap.o(.text)
    ___backspace$unlocked                    0x08001daf   Thumb Code     2  backspace.o(.text)
    __backspace                              0x08001db1   Thumb Code    70  backspace.o(.text)
    _mbrtoc16                                0x08001df7   Thumb Code    64  _mbrtoc16.o(.text)
    _mbrtowc                                 0x08001df7   Thumb Code     0  _mbrtoc16.o(.text)
    _c16rtomb                                0x08001e37   Thumb Code    72  _c16rtomb.o(.text)
    _wcrtomb                                 0x08001e37   Thumb Code     0  _c16rtomb.o(.text)
    __user_setup_stackheap                   0x08001e7f   Thumb Code    74  sys_stackheap_outer.o(.text)
    __rt_ctype_table                         0x08001ec9   Thumb Code    16  rt_ctype_table.o(.text)
    __rt_locale                              0x08001ed9   Thumb Code     8  rt_locale_intlibspace.o(.text)
    __aeabi_errno_addr                       0x08001ee1   Thumb Code     8  rt_errno_addr_intlibspace.o(.text)
    __errno$intlibspace                      0x08001ee1   Thumb Code     0  rt_errno_addr_intlibspace.o(.text)
    __rt_errno_addr$intlibspace              0x08001ee1   Thumb Code     0  rt_errno_addr_intlibspace.o(.text)
    __aeabi_llsl                             0x08001ee9   Thumb Code     0  llshl.o(.text)
    _ll_shift_l                              0x08001ee9   Thumb Code    38  llshl.o(.text)
    isspace                                  0x08001f0f   Thumb Code    18  isspace.o(.text)
    _printf_fp_infnan                        0x08001f21   Thumb Code   112  _printf_fp_infnan.o(.text)
    __vfscanf                                0x08001fa1   Thumb Code   878  _scanf.o(.text)
    _btod_etento                             0x08002315   Thumb Code   224  bigflt0.o(.text)
    _ungetc_internal                         0x080023f9   Thumb Code    60  ungetc.o(.text)
    ungetc                                   0x080023f9   Thumb Code     0  ungetc.o(.text)
    exit                                     0x08002441   Thumb Code    18  exit.o(.text)
    __user_libspace                          0x08002455   Thumb Code     8  libspace.o(.text)
    __user_perproc_libspace                  0x08002455   Thumb Code     0  libspace.o(.text)
    __user_perthread_libspace                0x08002455   Thumb Code     0  libspace.o(.text)
    __read_errno                             0x0800245d   Thumb Code    10  _rserrno.o(.text)
    __set_errno                              0x08002467   Thumb Code    12  _rserrno.o(.text)
    _scanf_really_hex_real                   0x08002475   Thumb Code   786  scanf_hexfp.o(.text)
    _scanf_really_infnan                     0x08002795   Thumb Code   292  scanf_infnan.o(.text)
    strcmp                                   0x080028c9   Thumb Code   124  strcmpv7em.o(.text)
    _sys_exit                                0x08002945   Thumb Code     8  sys_exit.o(.text)
    __I$use$semihosting                      0x08002951   Thumb Code     0  use_no_semi.o(.text)
    __use_no_semihosting_swi                 0x08002951   Thumb Code     2  use_no_semi.o(.text)
    __semihosting_library_function           0x08002953   Thumb Code     0  indicate_semi.o(.text)
    SystemInit                               0x08002955   Thumb Code    18  system_stm32f3xx.o(.text.SystemInit)
    USART2_Init                              0x08002969   Thumb Code    94  uart.o(.text.USART2_Init)
    USART2_read                              0x080029c9   Thumb Code    34  uart.o(.text.USART2_read)
    USART2_write                             0x080029ed   Thumb Code    46  uart.o(.text.USART2_write)
    fgetc                                    0x08002a1d   Thumb Code    44  uart.o(.text.fgetc)
    fputc                                    0x08002a49   Thumb Code    18  uart.o(.text.fputc)
    main                                     0x08002a5d   Thumb Code   118  main.o(.text.main)
    _btod_d2e                                0x08002ad3   Thumb Code    62  btod.o(CL$$btod_d2e)
    _d2e_denorm_low                          0x08002b11   Thumb Code    70  btod.o(CL$$btod_d2e_denorm_low)
    _d2e_norm_op1                            0x08002b57   Thumb Code    96  btod.o(CL$$btod_d2e_norm_op1)
    __btod_div_common                        0x08002bb9   Thumb Code   696  btod.o(CL$$btod_div_common)
    _e2d                                     0x08002ef1   Thumb Code   122  btod.o(CL$$btod_e2d)
    _e2e                                     0x08002f75   Thumb Code   220  btod.o(CL$$btod_e2e)
    _btod_ediv                               0x08003051   Thumb Code    42  btod.o(CL$$btod_ediv)
    _btod_edivd                              0x0800307b   Thumb Code    42  btod.o(CL$$btod_edivd)
    _btod_emul                               0x080030a5   Thumb Code    42  btod.o(CL$$btod_emul)
    _btod_emuld                              0x080030cf   Thumb Code    42  btod.o(CL$$btod_emuld)
    __btod_mult_common                       0x080030f9   Thumb Code   580  btod.o(CL$$btod_mult_common)
    __ARM_fpclassify                         0x0800333d   Thumb Code    48  fpclassify.o(i.__ARM_fpclassify)
    __hardfp___mathlib_tofloat               0x08003371   Thumb Code   232  narrow.o(i.__hardfp___mathlib_tofloat)
    __hardfp_ldexp                           0x08003469   Thumb Code   200  ldexp.o(i.__hardfp_ldexp)
    __mathlib_dbl_overflow                   0x08003539   Thumb Code    24  dunder.o(i.__mathlib_dbl_overflow)
    __mathlib_dbl_underflow                  0x08003559   Thumb Code    24  dunder.o(i.__mathlib_dbl_underflow)
    __mathlib_narrow                         0x08003579   Thumb Code    18  narrow.o(i.__mathlib_narrow)
    __support_ldexp                          0x0800358b   Thumb Code    20  ldexp.o(i.__support_ldexp)
    _is_digit                                0x0800359f   Thumb Code    14  __printf_wp.o(i._is_digit)
    frexp                                    0x080035b1   Thumb Code   118  frexp.o(i.frexp)
    _get_lc_numeric                          0x0800363d   Thumb Code    44  lc_numeric_c.o(locale$$code)
    _get_lc_ctype                            0x08003669   Thumb Code    44  lc_ctype_c.o(locale$$code)
    __aeabi_d2f                              0x08003695   Thumb Code     0  d2f.o(x$fpl$d2f)
    _d2f                                     0x08003695   Thumb Code    98  d2f.o(x$fpl$d2f)
    __fpl_dcheck_NaN1                        0x080036f9   Thumb Code    10  dcheck1.o(x$fpl$dcheck1)
    __fpl_dcmp_Inf                           0x08003709   Thumb Code    24  dcmpi.o(x$fpl$dcmpinf)
    __aeabi_cdcmpeq                          0x08003721   Thumb Code     0  deqf.o(x$fpl$deqf)
    _dcmpeq                                  0x08003721   Thumb Code   120  deqf.o(x$fpl$deqf)
    __aeabi_cdcmple                          0x08003799   Thumb Code     0  dleqf.o(x$fpl$dleqf)
    _dcmple                                  0x08003799   Thumb Code   120  dleqf.o(x$fpl$dleqf)
    __fpl_dcmple_InfNaN                      0x080037fb   Thumb Code     0  dleqf.o(x$fpl$dleqf)
    __aeabi_dmul                             0x08003811   Thumb Code     0  dmul.o(x$fpl$dmul)
    _dmul                                    0x08003811   Thumb Code   332  dmul.o(x$fpl$dmul)
    __fpl_dnaninf                            0x08003965   Thumb Code   156  dnaninf.o(x$fpl$dnaninf)
    __fpl_dretinf                            0x08003a01   Thumb Code    12  dretinf.o(x$fpl$dretinf)
    __aeabi_cdrcmple                         0x08003a0d   Thumb Code     0  drleqf.o(x$fpl$drleqf)
    _drcmple                                 0x08003a0d   Thumb Code   108  drleqf.o(x$fpl$drleqf)
    _fp_init                                 0x08003a79   Thumb Code    26  fpinit.o(x$fpl$fpinit)
    __fplib_config_fpu_vfp                   0x08003a91   Thumb Code     0  fpinit.o(x$fpl$fpinit)
    __fplib_config_pureend_doubles           0x08003a91   Thumb Code     0  fpinit.o(x$fpl$fpinit)
    __fpl_fretinf                            0x08003a93   Thumb Code    10  fretinf.o(x$fpl$fretinf)
    __ieee_status                            0x08003a9d   Thumb Code     6  istatus.o(x$fpl$ieeestatus)
    _printf_fp_dec                           0x08003aa3   Thumb Code     4  printf1.o(x$fpl$printf1)
    _printf_fp_hex                           0x08003aa7   Thumb Code     4  printf2.o(x$fpl$printf2)
    __fpl_return_NaN                         0x08003aab   Thumb Code   100  retnan.o(x$fpl$retnan)
    __ARM_scalbn                             0x08003b0f   Thumb Code    92  scalbn.o(x$fpl$scalbn)
    _scanf_real                              0x08003b6b   Thumb Code     4  scanf1.o(x$fpl$scanf1)
    _scanf_hex_real                          0x08003b6f   Thumb Code     4  scanf2.o(x$fpl$scanf2)
    _scanf_infnan                            0x08003b73   Thumb Code     4  scanf2.o(x$fpl$scanf2)
    __fpl_cmpreturn                          0x08003b77   Thumb Code    48  trapv.o(x$fpl$trapveneer)
    __I$use$fp                               0x08003ba6   Number         0  usenofp.o(x$fpl$usenofp)
    Region$$Table$$Base                      0x08003d28   Number         0  anon$$obj.o(Region$$Table)
    Region$$Table$$Limit                     0x08003d48   Number         0  anon$$obj.o(Region$$Table)
    __aeabi_HUGE_VAL                         0x08003d48   Data           0  fpconst.o(c$$dinf)
    __aeabi_HUGE_VALL                        0x08003d48   Data           0  fpconst.o(c$$dinf)
    __aeabi_INFINITY                         0x08003d48   Data           0  fpconst.o(c$$dinf)
    __dInf                                   0x08003d48   Data           0  fpconst.o(c$$dinf)
    __huge_val                               0x08003d48   Data           0  fpconst.o(c$$dinf)
    __dbl_max                                0x08003d50   Data           0  fpconst.o(c$$dmax)
    __ctype                                  0x08003d81   Data           0  lc_ctype_c.o(locale$$data)
    __stdout                                 0x20000000   Data          84  uart.o(.data.__stdout)
    __libspace_start                         0x20000058   Data          96  libspace.o(.bss)
    __stdin                                  0x200000b8   Data          84  uart.o(.bss.__stdin)
    __temporary_stack_top$libspace           0x200000b8   Data           0  libspace.o(.bss)



==============================================================================

Memory Map of the image

  Image Entry point : 0x080002d5

  Load Region LR_1 (Base: 0x08000000, Size: 0x00003ed8, Max: 0xffffffff, ABSOLUTE)

    Execution Region ER_RO (Exec base: 0x08000000, Load base: 0x08000000, Size: 0x00003e84, Max: 0xffffffff, ABSOLUTE)

    Exec Addr    Load Addr    Size         Type   Attr      Idx    E Section Name        Object

    0x08000000   0x08000000   0x00000188   Data   RO           39    RESET               startup_stm32f302x8.o
    0x08000188   0x08000188   0x00000008   Code   RO           72  * !!!main             c_w.l(__main.o)
    0x08000190   0x08000190   0x00000034   Code   RO          551    !!!scatter          c_w.l(__scatter.o)
    0x080001c4   0x080001c4   0x0000001a   Code   RO          553    !!handler_copy      c_w.l(__scatter_copy.o)
    0x080001de   0x080001de   0x00000002   PAD
    0x080001e0   0x080001e0   0x0000001c   Code   RO          555    !!handler_zi        c_w.l(__scatter_zi.o)
    0x080001fc   0x080001fc   0x00000000   Code   RO          154    .ARM.Collect$$_printf_percent$$00000000  c_w.l(_printf_percent.o)
    0x080001fc   0x080001fc   0x00000006   Code   RO          143    .ARM.Collect$$_printf_percent$$00000001  c_w.l(_printf_n.o)
    0x08000202   0x08000202   0x00000006   Code   RO          145    .ARM.Collect$$_printf_percent$$00000002  c_w.l(_printf_p.o)
    0x08000208   0x08000208   0x00000006   Code   RO          150    .ARM.Collect$$_printf_percent$$00000003  c_w.l(_printf_f.o)
    0x0800020e   0x0800020e   0x00000006   Code   RO          151    .ARM.Collect$$_printf_percent$$00000004  c_w.l(_printf_e.o)
    0x08000214   0x08000214   0x00000006   Code   RO          152    .ARM.Collect$$_printf_percent$$00000005  c_w.l(_printf_g.o)
    0x0800021a   0x0800021a   0x00000006   Code   RO          153    .ARM.Collect$$_printf_percent$$00000006  c_w.l(_printf_a.o)
    0x08000220   0x08000220   0x0000000a   Code   RO          158    .ARM.Collect$$_printf_percent$$00000007  c_w.l(_printf_ll.o)
    0x0800022a   0x0800022a   0x00000006   Code   RO          147    .ARM.Collect$$_printf_percent$$00000008  c_w.l(_printf_i.o)
    0x08000230   0x08000230   0x00000006   Code   RO          148    .ARM.Collect$$_printf_percent$$00000009  c_w.l(_printf_d.o)
    0x08000236   0x08000236   0x00000006   Code   RO          149    .ARM.Collect$$_printf_percent$$0000000A  c_w.l(_printf_u.o)
    0x0800023c   0x0800023c   0x00000006   Code   RO          146    .ARM.Collect$$_printf_percent$$0000000B  c_w.l(_printf_o.o)
    0x08000242   0x08000242   0x00000006   Code   RO          144    .ARM.Collect$$_printf_percent$$0000000C  c_w.l(_printf_x.o)
    0x08000248   0x08000248   0x00000006   Code   RO          155    .ARM.Collect$$_printf_percent$$0000000D  c_w.l(_printf_lli.o)
    0x0800024e   0x0800024e   0x00000006   Code   RO          156    .ARM.Collect$$_printf_percent$$0000000E  c_w.l(_printf_lld.o)
    0x08000254   0x08000254   0x00000006   Code   RO          157    .ARM.Collect$$_printf_percent$$0000000F  c_w.l(_printf_llu.o)
    0x0800025a   0x0800025a   0x00000006   Code   RO          162    .ARM.Collect$$_printf_percent$$00000010  c_w.l(_printf_llo.o)
    0x08000260   0x08000260   0x00000006   Code   RO          163    .ARM.Collect$$_printf_percent$$00000011  c_w.l(_printf_llx.o)
    0x08000266   0x08000266   0x0000000a   Code   RO          159    .ARM.Collect$$_printf_percent$$00000012  c_w.l(_printf_l.o)
    0x08000270   0x08000270   0x00000006   Code   RO          141    .ARM.Collect$$_printf_percent$$00000013  c_w.l(_printf_c.o)
    0x08000276   0x08000276   0x00000006   Code   RO          142    .ARM.Collect$$_printf_percent$$00000014  c_w.l(_printf_s.o)
    0x0800027c   0x0800027c   0x00000006   Code   RO          160    .ARM.Collect$$_printf_percent$$00000015  c_w.l(_printf_lc.o)
    0x08000282   0x08000282   0x00000006   Code   RO          161    .ARM.Collect$$_printf_percent$$00000016  c_w.l(_printf_ls.o)
    0x08000288   0x08000288   0x00000004   Code   RO          224    .ARM.Collect$$_printf_percent$$00000017  c_w.l(_printf_percent_end.o)
    0x0800028c   0x0800028c   0x00000002   Code   RO          311    .ARM.Collect$$libinit$$00000000  c_w.l(libinit.o)
    0x0800028e   0x0800028e   0x00000004   Code   RO          353    .ARM.Collect$$libinit$$00000001  c_w.l(libinit2.o)
    0x08000292   0x08000292   0x00000000   Code   RO          356    .ARM.Collect$$libinit$$00000004  c_w.l(libinit2.o)
    0x08000292   0x08000292   0x00000000   Code   RO          358    .ARM.Collect$$libinit$$00000006  c_w.l(libinit2.o)
    0x08000292   0x08000292   0x00000000   Code   RO          361    .ARM.Collect$$libinit$$0000000C  c_w.l(libinit2.o)
    0x08000292   0x08000292   0x00000000   Code   RO          363    .ARM.Collect$$libinit$$0000000E  c_w.l(libinit2.o)
    0x08000292   0x08000292   0x00000000   Code   RO          365    .ARM.Collect$$libinit$$00000010  c_w.l(libinit2.o)
    0x08000292   0x08000292   0x00000006   Code   RO          366    .ARM.Collect$$libinit$$00000011  c_w.l(libinit2.o)
    0x08000298   0x08000298   0x00000000   Code   RO          368    .ARM.Collect$$libinit$$00000013  c_w.l(libinit2.o)
    0x08000298   0x08000298   0x0000000c   Code   RO          369    .ARM.Collect$$libinit$$00000014  c_w.l(libinit2.o)
    0x080002a4   0x080002a4   0x00000000   Code   RO          370    .ARM.Collect$$libinit$$00000015  c_w.l(libinit2.o)
    0x080002a4   0x080002a4   0x00000000   Code   RO          372    .ARM.Collect$$libinit$$00000017  c_w.l(libinit2.o)
    0x080002a4   0x080002a4   0x0000000a   Code   RO          373    .ARM.Collect$$libinit$$00000018  c_w.l(libinit2.o)
    0x080002ae   0x080002ae   0x00000000   Code   RO          374    .ARM.Collect$$libinit$$00000019  c_w.l(libinit2.o)
    0x080002ae   0x080002ae   0x00000000   Code   RO          376    .ARM.Collect$$libinit$$0000001B  c_w.l(libinit2.o)
    0x080002ae   0x080002ae   0x00000000   Code   RO          378    .ARM.Collect$$libinit$$0000001D  c_w.l(libinit2.o)
    0x080002ae   0x080002ae   0x00000000   Code   RO          380    .ARM.Collect$$libinit$$0000001F  c_w.l(libinit2.o)
    0x080002ae   0x080002ae   0x00000000   Code   RO          382    .ARM.Collect$$libinit$$00000021  c_w.l(libinit2.o)
    0x080002ae   0x080002ae   0x00000000   Code   RO          384    .ARM.Collect$$libinit$$00000023  c_w.l(libinit2.o)
    0x080002ae   0x080002ae   0x00000000   Code   RO          386    .ARM.Collect$$libinit$$00000025  c_w.l(libinit2.o)
    0x080002ae   0x080002ae   0x00000000   Code   RO          388    .ARM.Collect$$libinit$$00000027  c_w.l(libinit2.o)
    0x080002ae   0x080002ae   0x00000000   Code   RO          392    .ARM.Collect$$libinit$$0000002E  c_w.l(libinit2.o)
    0x080002ae   0x080002ae   0x00000000   Code   RO          394    .ARM.Collect$$libinit$$00000030  c_w.l(libinit2.o)
    0x080002ae   0x080002ae   0x00000000   Code   RO          396    .ARM.Collect$$libinit$$00000032  c_w.l(libinit2.o)
    0x080002ae   0x080002ae   0x00000000   Code   RO          398    .ARM.Collect$$libinit$$00000034  c_w.l(libinit2.o)
    0x080002ae   0x080002ae   0x00000002   Code   RO          399    .ARM.Collect$$libinit$$00000035  c_w.l(libinit2.o)
    0x080002b0   0x080002b0   0x00000002   Code   RO          453    .ARM.Collect$$libshutdown$$00000000  c_w.l(libshutdown.o)
    0x080002b2   0x080002b2   0x00000000   Code   RO          486    .ARM.Collect$$libshutdown$$00000002  c_w.l(libshutdown2.o)
    0x080002b2   0x080002b2   0x00000000   Code   RO          488    .ARM.Collect$$libshutdown$$00000004  c_w.l(libshutdown2.o)
    0x080002b2   0x080002b2   0x00000000   Code   RO          491    .ARM.Collect$$libshutdown$$00000007  c_w.l(libshutdown2.o)
    0x080002b2   0x080002b2   0x00000000   Code   RO          494    .ARM.Collect$$libshutdown$$0000000A  c_w.l(libshutdown2.o)
    0x080002b2   0x080002b2   0x00000000   Code   RO          496    .ARM.Collect$$libshutdown$$0000000C  c_w.l(libshutdown2.o)
    0x080002b2   0x080002b2   0x00000000   Code   RO          499    .ARM.Collect$$libshutdown$$0000000F  c_w.l(libshutdown2.o)
    0x080002b2   0x080002b2   0x00000002   Code   RO          500    .ARM.Collect$$libshutdown$$00000010  c_w.l(libshutdown2.o)
    0x080002b4   0x080002b4   0x00000000   Code   RO           74    .ARM.Collect$$rtentry$$00000000  c_w.l(__rtentry.o)
    0x080002b4   0x080002b4   0x00000000   Code   RO          193    .ARM.Collect$$rtentry$$00000002  c_w.l(__rtentry2.o)
    0x080002b4   0x080002b4   0x00000006   Code   RO          205    .ARM.Collect$$rtentry$$00000004  c_w.l(__rtentry4.o)
    0x080002ba   0x080002ba   0x00000000   Code   RO          195    .ARM.Collect$$rtentry$$00000009  c_w.l(__rtentry2.o)
    0x080002ba   0x080002ba   0x00000004   Code   RO          196    .ARM.Collect$$rtentry$$0000000A  c_w.l(__rtentry2.o)
    0x080002be   0x080002be   0x00000000   Code   RO          198    .ARM.Collect$$rtentry$$0000000C  c_w.l(__rtentry2.o)
    0x080002be   0x080002be   0x00000008   Code   RO          199    .ARM.Collect$$rtentry$$0000000D  c_w.l(__rtentry2.o)
    0x080002c6   0x080002c6   0x00000002   Code   RO          338    .ARM.Collect$$rtexit$$00000000  c_w.l(rtexit.o)
    0x080002c8   0x080002c8   0x00000000   Code   RO          413    .ARM.Collect$$rtexit$$00000002  c_w.l(rtexit2.o)
    0x080002c8   0x080002c8   0x00000004   Code   RO          414    .ARM.Collect$$rtexit$$00000003  c_w.l(rtexit2.o)
    0x080002cc   0x080002cc   0x00000006   Code   RO          415    .ARM.Collect$$rtexit$$00000004  c_w.l(rtexit2.o)
    0x080002d2   0x080002d2   0x00000002   PAD
    0x080002d4   0x080002d4   0x00000040   Code   RO           40  * .text               startup_stm32f302x8.o
    0x08000314   0x08000314   0x00000018   Code   RO           62    .text               c_w.l(printf.o)
    0x0800032c   0x0800032c   0x00000020   Code   RO           64    .text               c_w.l(scanf.o)
    0x0800034c   0x0800034c   0x00000038   Code   RO           66    .text               c_w.l(gets.o)
    0x08000384   0x08000384   0x0000002c   Code   RO           68    .text               c_w.l(puts.o)
    0x080003b0   0x080003b0   0x00000006   Code   RO           70    .text               c_w.l(heapauxi.o)
    0x080003b6   0x080003b6   0x0000004e   Code   RO           77    .text               c_w.l(_printf_pad.o)
    0x08000404   0x08000404   0x00000024   Code   RO           79    .text               c_w.l(_printf_truncate.o)
    0x08000428   0x08000428   0x00000052   Code   RO           81    .text               c_w.l(_printf_str.o)
    0x0800047a   0x0800047a   0x00000002   PAD
    0x0800047c   0x0800047c   0x00000078   Code   RO           83    .text               c_w.l(_printf_dec.o)
    0x080004f4   0x080004f4   0x00000028   Code   RO           85    .text               c_w.l(_printf_charcount.o)
    0x0800051c   0x0800051c   0x00000024   Code   RO           87    .text               c_w.l(_printf_char_file.o)
    0x08000540   0x08000540   0x000000bc   Code   RO           89    .text               c_w.l(_printf_wctomb.o)
    0x080005fc   0x080005fc   0x0000007c   Code   RO           92    .text               c_w.l(_printf_longlong_dec.o)
    0x08000678   0x08000678   0x00000070   Code   RO           98    .text               c_w.l(_printf_oct_int_ll.o)
    0x080006e8   0x080006e8   0x00000094   Code   RO          118    .text               c_w.l(_printf_hex_int_ll_ptr.o)
    0x0800077c   0x0800077c   0x00000188   Code   RO          138    .text               c_w.l(__printf_flags_ss_wp.o)
    0x08000904   0x08000904   0x00000156   Code   RO          164    .text               c_w.l(_scanf_longlong.o)
    0x08000a5a   0x08000a5a   0x0000014c   Code   RO          166    .text               c_w.l(_scanf_int.o)
    0x08000ba6   0x08000ba6   0x000000e0   Code   RO          168    .text               c_w.l(_scanf_str.o)
    0x08000c86   0x08000c86   0x00000002   PAD
    0x08000c88   0x08000c88   0x00000018   Code   RO          170    .text               c_w.l(scanf_char_file.o)
    0x08000ca0   0x08000ca0   0x00000114   Code   RO          172    .text               c_w.l(_scanf_mbtowc.o)
    0x08000db4   0x08000db4   0x000000e8   Code   RO          174    .text               c_w.l(_scanf_wctomb.o)
    0x08000e9c   0x08000e9c   0x000000d0   Code   RO          176    .text               c_w.l(_scanf_wstr.o)
    0x08000f6c   0x08000f6c   0x00000008   Code   RO          178    .text               c_w.l(ferror.o)
    0x08000f74   0x08000f74   0x0000008a   Code   RO          207    .text               c_w.l(lludiv10.o)
    0x08000ffe   0x08000ffe   0x000000b2   Code   RO          209    .text               c_w.l(_printf_intcommon.o)
    0x080010b0   0x080010b0   0x0000041c   Code   RO          211    .text               c_w.l(_printf_fp_dec.o)
    0x080014cc   0x080014cc   0x000002fc   Code   RO          215    .text               c_w.l(_printf_fp_hex.o)
    0x080017c8   0x080017c8   0x00000030   Code   RO          218    .text               c_w.l(_printf_char_common.o)
    0x080017f8   0x080017f8   0x0000002c   Code   RO          220    .text               c_w.l(_printf_char.o)
    0x08001824   0x08001824   0x0000002c   Code   RO          222    .text               c_w.l(_printf_wchar.o)
    0x08001850   0x08001850   0x0000001c   Code   RO          225    .text               c_w.l(_chval.o)
    0x0800186c   0x0800186c   0x000004f8   Code   RO          227    .text               c_w.l(scanf_fp.o)
    0x08001d64   0x08001d64   0x0000002c   Code   RO          231    .text               c_w.l(scanf_char.o)
    0x08001d90   0x08001d90   0x0000001e   Code   RO          233    .text               c_w.l(_scanf_wcharmap.o)
    0x08001dae   0x08001dae   0x00000048   Code   RO          235    .text               c_w.l(backspace.o)
    0x08001df6   0x08001df6   0x00000040   Code   RO          239    .text               c_w.l(_mbrtoc16.o)
    0x08001e36   0x08001e36   0x00000048   Code   RO          241    .text               c_w.l(_c16rtomb.o)
    0x08001e7e   0x08001e7e   0x0000004a   Code   RO          243    .text               c_w.l(sys_stackheap_outer.o)
    0x08001ec8   0x08001ec8   0x00000010   Code   RO          245    .text               c_w.l(rt_ctype_table.o)
    0x08001ed8   0x08001ed8   0x00000008   Code   RO          250    .text               c_w.l(rt_locale_intlibspace.o)
    0x08001ee0   0x08001ee0   0x00000008   Code   RO          255    .text               c_w.l(rt_errno_addr_intlibspace.o)
    0x08001ee8   0x08001ee8   0x00000026   Code   RO          257    .text               c_w.l(llshl.o)
    0x08001f0e   0x08001f0e   0x00000012   Code   RO          259    .text               c_w.l(isspace.o)
    0x08001f20   0x08001f20   0x00000080   Code   RO          261    .text               c_w.l(_printf_fp_infnan.o)
    0x08001fa0   0x08001fa0   0x00000374   Code   RO          265    .text               c_w.l(_scanf.o)
    0x08002314   0x08002314   0x000000e4   Code   RO          267    .text               c_w.l(bigflt0.o)
    0x080023f8   0x080023f8   0x00000048   Code   RO          297    .text               c_w.l(ungetc.o)
    0x08002440   0x08002440   0x00000012   Code   RO          302    .text               c_w.l(exit.o)
    0x08002452   0x08002452   0x00000002   PAD
    0x08002454   0x08002454   0x00000008   Code   RO          335    .text               c_w.l(libspace.o)
    0x0800245c   0x0800245c   0x00000016   Code   RO          340    .text               c_w.l(_rserrno.o)
    0x08002472   0x08002472   0x00000002   PAD
    0x08002474   0x08002474   0x00000320   Code   RO          342    .text               c_w.l(scanf_hexfp.o)
    0x08002794   0x08002794   0x00000134   Code   RO          344    .text               c_w.l(scanf_infnan.o)
    0x080028c8   0x080028c8   0x0000007c   Code   RO          351    .text               c_w.l(strcmpv7em.o)
    0x08002944   0x08002944   0x0000000c   Code   RO          443    .text               c_w.l(sys_exit.o)
    0x08002950   0x08002950   0x00000002   Code   RO          476    .text               c_w.l(use_no_semi.o)
    0x08002952   0x08002952   0x00000000   Code   RO          478    .text               c_w.l(indicate_semi.o)
    0x08002952   0x08002952   0x00000002   PAD
    0x08002954   0x08002954   0x00000012   Code   RO           47    .text.SystemInit    system_stm32f3xx.o
    0x08002966   0x08002966   0x00000002   PAD
    0x08002968   0x08002968   0x0000005e   Code   RO            2    .text.USART2_Init   uart.o
    0x080029c6   0x080029c6   0x00000002   PAD
    0x080029c8   0x080029c8   0x00000022   Code   RO            6    .text.USART2_read   uart.o
    0x080029ea   0x080029ea   0x00000002   PAD
    0x080029ec   0x080029ec   0x0000002e   Code   RO            4    .text.USART2_write  uart.o
    0x08002a1a   0x08002a1a   0x00000002   PAD
    0x08002a1c   0x08002a1c   0x0000002c   Code   RO            8    .text.fgetc         uart.o
    0x08002a48   0x08002a48   0x00000012   Code   RO           10    .text.fputc         uart.o
    0x08002a5a   0x08002a5a   0x00000002   PAD
    0x08002a5c   0x08002a5c   0x00000076   Code   RO           27    .text.main          main.o
    0x08002ad2   0x08002ad2   0x0000003e   Code   RO          270    CL$$btod_d2e        c_w.l(btod.o)
    0x08002b10   0x08002b10   0x00000046   Code   RO          272    CL$$btod_d2e_denorm_low  c_w.l(btod.o)
    0x08002b56   0x08002b56   0x00000060   Code   RO          271    CL$$btod_d2e_norm_op1  c_w.l(btod.o)
    0x08002bb6   0x08002bb6   0x00000002   PAD
    0x08002bb8   0x08002bb8   0x00000338   Code   RO          280    CL$$btod_div_common  c_w.l(btod.o)
    0x08002ef0   0x08002ef0   0x00000084   Code   RO          278    CL$$btod_e2d        c_w.l(btod.o)
    0x08002f74   0x08002f74   0x000000dc   Code   RO          277    CL$$btod_e2e        c_w.l(btod.o)
    0x08003050   0x08003050   0x0000002a   Code   RO          274    CL$$btod_ediv       c_w.l(btod.o)
    0x0800307a   0x0800307a   0x0000002a   Code   RO          276    CL$$btod_edivd      c_w.l(btod.o)
    0x080030a4   0x080030a4   0x0000002a   Code   RO          273    CL$$btod_emul       c_w.l(btod.o)
    0x080030ce   0x080030ce   0x0000002a   Code   RO          275    CL$$btod_emuld      c_w.l(btod.o)
    0x080030f8   0x080030f8   0x00000244   Code   RO          279    CL$$btod_mult_common  c_w.l(btod.o)
    0x0800333c   0x0800333c   0x00000030   Code   RO          325    i.__ARM_fpclassify  m_wm.l(fpclassify.o)
    0x0800336c   0x0800336c   0x00000004   PAD
    0x08003370   0x08003370   0x000000f8   Code   RO          327    i.__hardfp___mathlib_tofloat  m_wm.l(narrow.o)
    0x08003468   0x08003468   0x000000d0   Code   RO          435    i.__hardfp_ldexp    m_wm.l(ldexp.o)
    0x08003538   0x08003538   0x00000020   Code   RO          462    i.__mathlib_dbl_overflow  m_wm.l(dunder.o)
    0x08003558   0x08003558   0x00000020   Code   RO          464    i.__mathlib_dbl_underflow  m_wm.l(dunder.o)
    0x08003578   0x08003578   0x00000012   Code   RO          328    i.__mathlib_narrow  m_wm.l(narrow.o)
    0x0800358a   0x0800358a   0x00000014   Code   RO          437    i.__support_ldexp   m_wm.l(ldexp.o)
    0x0800359e   0x0800359e   0x0000000e   Code   RO          131    i._is_digit         c_w.l(__printf_wp.o)
    0x080035ac   0x080035ac   0x00000004   PAD
    0x080035b0   0x080035b0   0x0000008c   Code   RO          408    i.frexp             m_wm.l(frexp.o)
    0x0800363c   0x0800363c   0x0000002c   Code   RO          300    locale$$code        c_w.l(lc_numeric_c.o)
    0x08003668   0x08003668   0x0000002c   Code   RO          349    locale$$code        c_w.l(lc_ctype_c.o)
    0x08003694   0x08003694   0x00000062   Code   RO          400    x$fpl$d2f           fz_wm.l(d2f.o)
    0x080036f6   0x080036f6   0x00000002   PAD
    0x080036f8   0x080036f8   0x00000010   Code   RO          507    x$fpl$dcheck1       fz_wm.l(dcheck1.o)
    0x08003708   0x08003708   0x00000018   Code   RO          423    x$fpl$dcmpinf       fz_wm.l(dcmpi.o)
    0x08003720   0x08003720   0x00000078   Code   RO          402    x$fpl$deqf          fz_wm.l(deqf.o)
    0x08003798   0x08003798   0x00000078   Code   RO          425    x$fpl$dleqf         fz_wm.l(dleqf.o)
    0x08003810   0x08003810   0x00000154   Code   RO          427    x$fpl$dmul          fz_wm.l(dmul.o)
    0x08003964   0x08003964   0x0000009c   Code   RO          429    x$fpl$dnaninf       fz_wm.l(dnaninf.o)
    0x08003a00   0x08003a00   0x0000000c   Code   RO          454    x$fpl$dretinf       fz_wm.l(dretinf.o)
    0x08003a0c   0x08003a0c   0x0000006c   Code   RO          404    x$fpl$drleqf        fz_wm.l(drleqf.o)
    0x08003a78   0x08003a78   0x0000001a   Code   RO          431    x$fpl$fpinit        fz_wm.l(fpinit.o)
    0x08003a92   0x08003a92   0x0000000a   Code   RO          433    x$fpl$fretinf       fz_wm.l(fretinf.o)
    0x08003a9c   0x08003a9c   0x00000006   Code   RO          316    x$fpl$ieeestatus    fz_wm.l(istatus.o)
    0x08003aa2   0x08003aa2   0x00000004   Code   RO          182    x$fpl$printf1       fz_wm.l(printf1.o)
    0x08003aa6   0x08003aa6   0x00000004   Code   RO          184    x$fpl$printf2       fz_wm.l(printf2.o)
    0x08003aaa   0x08003aaa   0x00000064   Code   RO          519    x$fpl$retnan        fz_wm.l(retnan.o)
    0x08003b0e   0x08003b0e   0x0000005c   Code   RO          456    x$fpl$scalbn        fz_wm.l(scalbn.o)
    0x08003b6a   0x08003b6a   0x00000004   Code   RO          190    x$fpl$scanf1        fz_wm.l(scanf1.o)
    0x08003b6e   0x08003b6e   0x00000008   Code   RO          318    x$fpl$scanf2        fz_wm.l(scanf2.o)
    0x08003b76   0x08003b76   0x00000030   Code   RO          525    x$fpl$trapveneer    fz_wm.l(trapv.o)
    0x08003ba6   0x08003ba6   0x00000000   Code   RO          324    x$fpl$usenofp       fz_wm.l(usenofp.o)
    0x08003ba6   0x08003ba6   0x00000002   PAD
    0x08003ba8   0x08003ba8   0x00000008   Data   RO           90    .constdata          c_w.l(_printf_wctomb.o)
    0x08003bb0   0x08003bb0   0x00000028   Data   RO          119    .constdata          c_w.l(_printf_hex_int_ll_ptr.o)
    0x08003bd8   0x08003bd8   0x00000011   Data   RO          139    .constdata          c_w.l(__printf_flags_ss_wp.o)
    0x08003be9   0x08003be9   0x00000026   Data   RO          216    .constdata          c_w.l(_printf_fp_hex.o)
    0x08003c0f   0x08003c0f   0x00000001   PAD
    0x08003c10   0x08003c10   0x00000094   Data   RO          268    .constdata          c_w.l(bigflt0.o)
    0x08003ca4   0x08003ca4   0x00000081   Data   RO           29    .rodata.str1.1      main.o
    0x08003d25   0x08003d25   0x00000003   PAD
    0x08003d28   0x08003d28   0x00000020   Data   RO          550    Region$$Table       anon$$obj.o
    0x08003d48   0x08003d48   0x00000008   Data   RO          312    c$$dinf             fz_wm.l(fpconst.o)
    0x08003d50   0x08003d50   0x00000008   Data   RO          315    c$$dmax             fz_wm.l(fpconst.o)
    0x08003d58   0x08003d58   0x0000001c   Data   RO          299    locale$$data        c_w.l(lc_numeric_c.o)
    0x08003d74   0x08003d74   0x00000110   Data   RO          348    locale$$data        c_w.l(lc_ctype_c.o)


    Execution Region ER_RW (Exec base: 0x20000000, Load base: 0x08003e84, Size: 0x00000054, Max: 0xffffffff, ABSOLUTE)

    Exec Addr    Load Addr    Size         Type   Attr      Idx    E Section Name        Object

    0x20000000   0x08003e84   0x00000054   Data   RW           18    .data.__stdout      uart.o


    Execution Region ER_ZI (Exec base: 0x20000058, Load base: 0x08003ed8, Size: 0x000006b8, Max: 0xffffffff, ABSOLUTE)

    Exec Addr    Load Addr    Size         Type   Attr      Idx    E Section Name        Object

    0x20000058        -       0x00000060   Zero   RW          336    .bss                c_w.l(libspace.o)
    0x200000b8        -       0x00000054   Zero   RW           17    .bss.__stdin        uart.o
    0x2000010c   0x08003ed8   0x00000004   PAD
    0x20000110        -       0x00000200   Zero   RW           38    HEAP                startup_stm32f302x8.o
    0x20000310        -       0x00000400   Zero   RW           37    STACK               startup_stm32f302x8.o


==============================================================================

Image component sizes


      Code (inc. data)   RO Data    RW Data    ZI Data      Debug   Object Name

       118          0        129          0          0        524   main.o
        64         26        392          0       1536        908   startup_stm32f302x8.o
        18          0          0          0          0       2249   system_stm32f3xx.o
       236          0          0         84         84       2390   uart.o

    ----------------------------------------------------------------------
       446         26        556         84       1624       6071   Object Totals
         0          0         32          0          0          0   (incl. Generated)
        10          0          3          0          4          0   (incl. Padding)

    ----------------------------------------------------------------------

      Code (inc. data)   RO Data    RW Data    ZI Data      Debug   Library Member Name

         8          0          0          0          0         68   __main.o
       392          4         17          0          0         92   __printf_flags_ss_wp.o
        14          0          0          0          0         68   __printf_wp.o
         0          0          0          0          0          0   __rtentry.o
        12          0          0          0          0          0   __rtentry2.o
         6          0          0          0          0          0   __rtentry4.o
        52          8          0          0          0          0   __scatter.o
        26          0          0          0          0          0   __scatter_copy.o
        28          0          0          0          0          0   __scatter_zi.o
        72          0          0          0          0         96   _c16rtomb.o
        28          0          0          0          0         68   _chval.o
        64          0          0          0          0         84   _mbrtoc16.o
         6          0          0          0          0          0   _printf_a.o
         6          0          0          0          0          0   _printf_c.o
        44          0          0          0          0        108   _printf_char.o
        48          6          0          0          0         96   _printf_char_common.o
        36          4          0          0          0         80   _printf_char_file.o
        40          0          0          0          0         68   _printf_charcount.o
         6          0          0          0          0          0   _printf_d.o
       120         16          0          0          0         92   _printf_dec.o
         6          0          0          0          0          0   _printf_e.o
         6          0          0          0          0          0   _printf_f.o
      1052          0          0          0          0        148   _printf_fp_dec.o
       764          8         38          0          0        100   _printf_fp_hex.o
       128         16          0          0          0         84   _printf_fp_infnan.o
         6          0          0          0          0          0   _printf_g.o
       148          4         40          0          0        160   _printf_hex_int_ll_ptr.o
         6          0          0          0          0          0   _printf_i.o
       178          0          0          0          0         88   _printf_intcommon.o
        10          0          0          0          0          0   _printf_l.o
         6          0          0          0          0          0   _printf_lc.o
        10          0          0          0          0          0   _printf_ll.o
         6          0          0          0          0          0   _printf_lld.o
         6          0          0          0          0          0   _printf_lli.o
         6          0          0          0          0          0   _printf_llo.o
         6          0          0          0          0          0   _printf_llu.o
         6          0          0          0          0          0   _printf_llx.o
       124         16          0          0          0         92   _printf_longlong_dec.o
         6          0          0          0          0          0   _printf_ls.o
         6          0          0          0          0          0   _printf_n.o
         6          0          0          0          0          0   _printf_o.o
       112          8          0          0          0        124   _printf_oct_int_ll.o
         6          0          0          0          0          0   _printf_p.o
        78          0          0          0          0        108   _printf_pad.o
         0          0          0          0          0          0   _printf_percent.o
         4          0          0          0          0          0   _printf_percent_end.o
         6          0          0          0          0          0   _printf_s.o
        82          0          0          0          0         80   _printf_str.o
        36          0          0          0          0         84   _printf_truncate.o
         6          0          0          0          0          0   _printf_u.o
        44          0          0          0          0        108   _printf_wchar.o
       188          6          8          0          0         92   _printf_wctomb.o
         6          0          0          0          0          0   _printf_x.o
        22          0          0          0          0        100   _rserrno.o
       884          6          0          0          0        100   _scanf.o
       332          0          0          0          0         96   _scanf_int.o
       342          0          0          0          0        100   _scanf_longlong.o
       276          0          0          0          0        100   _scanf_mbtowc.o
       224          0          0          0          0         96   _scanf_str.o
        30          0          0          0          0         76   _scanf_wcharmap.o
       232          0          0          0          0        100   _scanf_wctomb.o
       208          0          0          0          0         96   _scanf_wstr.o
        72          0          0          0          0         92   backspace.o
       228          4        148          0          0         96   bigflt0.o
      2152        136          0          0          0        956   btod.o
        18          0          0          0          0         80   exit.o
         8          0          0          0          0         68   ferror.o
        56          4          0          0          0         80   gets.o
         6          0          0          0          0        152   heapauxi.o
         0          0          0          0          0          0   indicate_semi.o
        18          0          0          0          0         76   isspace.o
        44         10        272          0          0         76   lc_ctype_c.o
        44         10         28          0          0         76   lc_numeric_c.o
         2          0          0          0          0          0   libinit.o
        34          0          0          0          0          0   libinit2.o
         2          0          0          0          0          0   libshutdown.o
         2          0          0          0          0          0   libshutdown2.o
         8          4          0          0         96         68   libspace.o
        38          0          0          0          0         68   llshl.o
       138          0          0          0          0         80   lludiv10.o
        24          4          0          0          0         84   printf.o
        44          4          0          0          0         84   puts.o
        16          4          0          0          0         76   rt_ctype_table.o
         8          4          0          0          0         68   rt_errno_addr_intlibspace.o
         8          4          0          0          0         68   rt_locale_intlibspace.o
         2          0          0          0          0          0   rtexit.o
        10          0          0          0          0          0   rtexit2.o
        32          6          0          0          0         84   scanf.o
        44          8          0          0          0         84   scanf_char.o
        24          8          0          0          0         68   scanf_char_file.o
      1272         16          0          0          0        168   scanf_fp.o
       800         14          0          0          0        100   scanf_hexfp.o
       308         16          0          0          0        100   scanf_infnan.o
       124          0          0          0          0         88   strcmpv7em.o
        12          4          0          0          0         68   sys_exit.o
        74          0          0          0          0         80   sys_stackheap_outer.o
        72         12          0          0          0         68   ungetc.o
         2          0          0          0          0         68   use_no_semi.o
        98          4          0          0          0        140   d2f.o
        16          4          0          0          0        116   dcheck1.o
        24          0          0          0          0        116   dcmpi.o
       120          4          0          0          0        140   deqf.o
       120          4          0          0          0        140   dleqf.o
       340         12          0          0          0        152   dmul.o
       156          4          0          0          0        140   dnaninf.o
        12          0          0          0          0        116   dretinf.o
       108          0          0          0          0        128   drleqf.o
         0          0         16          0          0          0   fpconst.o
        26          0          0          0          0        116   fpinit.o
        10          0          0          0          0        116   fretinf.o
         6          0          0          0          0        116   istatus.o
         4          0          0          0          0        116   printf1.o
         4          0          0          0          0        116   printf2.o
       100          0          0          0          0        116   retnan.o
        92          0          0          0          0        116   scalbn.o
         4          0          0          0          0        116   scanf1.o
         8          0          0          0          0        132   scanf2.o
        48          0          0          0          0        116   trapv.o
         0          0          0          0          0          0   usenofp.o
        64         16          0          0          0        248   dunder.o
        48          0          0          0          0        124   fpclassify.o
       140         22          0          0          0        132   frexp.o
       228          8          0          0          0        308   ldexp.o
       266         16          0          0          0        308   narrow.o

    ----------------------------------------------------------------------
     14434        468        568          0         96       9860   Library Totals
        28          0          1          0          0          0   (incl. Padding)

    ----------------------------------------------------------------------

      Code (inc. data)   RO Data    RW Data    ZI Data      Debug   Library Name

     12364        374        551          0         96       6376   c_w.l
      1296         32         16          0          0       2364   fz_wm.l
       746         62          0          0          0       1120   m_wm.l

    ----------------------------------------------------------------------
     14434        468        568          0         96       9860   Library Totals

    ----------------------------------------------------------------------

==============================================================================


      Code (inc. data)   RO Data    RW Data    ZI Data      Debug   

     14880        494       1124         84       1720       9907   Grand Totals
     14880        494       1124         84       1720       9907   ELF Image Totals
     14880        494       1124         84          0          0   ROM Totals

==============================================================================

    Total RO  Size (Code + RO Data)                16004 (  15.63kB)
    Total RW  Size (RW Data + ZI Data)              1804 (   1.76kB)
    Total ROM Size (Code + RO Data + RW Data)      16088 (  15.71kB)

==============================================================================

