<html>
<body>
<pre>
<h1>µVision Build Log</h1>
<h2>Tool Versions:</h2>
IDE-Version: µVision V5.37.0.0
Copyright (C) 2022 ARM Ltd and ARM Germany GmbH. All rights reserved.
License Information: Cesar Tamayo, home, LIC=----
 
Tool Versions:
Toolchain:       MDK-Lite  Version: 5.37.0.0
Toolchain Path:  C:\Keil_v5\ARM\ARMCLANG\Bin
C Compiler:      ArmClang.exe V6.18
Assembler:       Armasm.exe V6.18
Linker/Locator:  ArmLink.exe V6.18
Library Manager: ArmAr.exe V6.18
Hex Converter:   FromElf.exe V6.18
CPU DLL:         SARMCM3.DLL V5.37.0.0
Dialog DLL:      DCM.DLL V1.17.5.0
Target DLL:      STLink\ST-LINKIII-KEIL_SWO.dll V3.0.9.0
Dialog DLL:      TCM.DLL V1.56.1.0
 
<h2>Project:</h2>
C:\Users\ctamayo\Projects\uVision\stm32-drivers\gpio-scratch\gpio-scratch.uvprojx
Project File Date:  06/09/2022

<h2>Output:</h2>
*** Using Compiler 'V6.18', folder: 'C:\Keil_v5\ARM\ARMCLANG\Bin'
Rebuild Project 'gpio-scratch' - Target 'stm32'
C:\Users\ctamayo\Projects\uVision\stm32-drivers\gpio-scratch\gpio.c(1): warning: no newline at end of file [-Wnewline-eof]
#include "gpio.h"
                 ^
1 warning generated.
compiling gpio.c...
C:\Users\ctamayo\Projects\uVision\stm32-drivers\gpio-scratch\main.c(3): warning: In file included from...
C:\Users\ctamayo\Projects\uVision\stm32-drivers\gpio-scratch\gpio_lib.h(6): warning: // comments are not allowed in this language [-Wcomment]
#define GPIO_PIN_0      ((uint16_t)0x0001) // same as 1<<x
                                           ^
C:\Users\ctamayo\Projects\uVision\stm32-drivers\gpio-scratch\gpio_lib.h(58): warning: no newline at end of file [-Wnewline-eof]
#endif
      ^
C:\Users\ctamayo\Projects\uVision\stm32-drivers\gpio-scratch\main.c(4): warning: // comments are not allowed in this language [-Wcomment]
// #include "stm32f3xx.h"
^
C:\Users\ctamayo\Projects\uVision\stm32-drivers\gpio-scratch\main.c(19): warning: variable declaration in for loop is a C99-specific feature [-Wc99-extensions]
                for (int i=0; i<900000; i++){}
                     ^
C:\Users\ctamayo\Projects\uVision\stm32-drivers\gpio-scratch\main.c(19): warning: GCC does not allow variable declarations in for loop initializers before C99 [-Wgcc-compat]
5 warnings generated.
compiling main.c...
C:\Users\ctamayo\Projects\uVision\stm32-drivers\gpio-scratch\gpio_lib.c(1): warning: In file included from...
C:\Users\ctamayo\Projects\uVision\stm32-drivers\gpio-scratch\gpio_lib.h(6): warning: // comments are not allowed in this language [-Wcomment]
#define GPIO_PIN_0      ((uint16_t)0x0001) // same as 1<<x
                                           ^
C:\Users\ctamayo\Projects\uVision\stm32-drivers\gpio-scratch\gpio_lib.h(58): warning: no newline at end of file [-Wnewline-eof]
#endif
      ^
C:\Users\ctamayo\Projects\uVision\stm32-drivers\gpio-scratch\gpio_lib.c(16): warning: // comments are not allowed in this language [-Wcomment]
                        ioposition = 0x01U << position;                 // 0x000001000 where 1 is on the Pin value
                                                                        ^
C:\Users\ctamayo\Projects\uVision\stm32-drivers\gpio-scratch\gpio_lib.c(77): warning: no newline at end of file [-Wnewline-eof]
}
 ^
4 warnings generated.
compiling gpio_lib.c...
C:\Users\ctamayo\Projects\uVision\stm32-drivers\gpio-scratch\RTE\Device\STM32F302R8Tx\system_stm32f3xx.c(70): warning: In file included from...
C:\Users\ctamayo\AppData\Local\Arm\Packs\Keil\STM32F3xx_DFP\2.2.2\Drivers\CMSIS\Device\ST\STM32F3xx\Include\stm32f3xx.h(128): warning: In file included from...
C:\Users\ctamayo\AppData\Local\Arm\Packs\Keil\STM32F3xx_DFP\2.2.2\Drivers\CMSIS\Device\ST\STM32F3xx\Include\stm32f302x8.h(128): warning: commas at the end of enumerator lists are a C99-specific feature [-Wc99-extensions]
  FPU_IRQn                    = 81,      /*!< Floating point Interrupt                                          */
                                  ^~
1 warning generated.
compiling system_stm32f3xx.c...
assembling startup_stm32f302x8.s...
linking...
Program Size: Code=676 RO-data=408 RW-data=0 ZI-data=1632  
".\Objects\gpio-scratch.axf" - 0 Error(s), 11 Warning(s).

<h2>Software Packages used:</h2>

Package Vendor: ARM
                http://www.keil.com/pack/ARM.CMSIS.5.9.0.pack
                ARM.CMSIS.5.9.0
                CMSIS (Common Microcontroller Software Interface Standard)
   * Component: CORE Version: 5.6.0

Package Vendor: Keil
                http://www.keil.com/pack/Keil.STM32F3xx_DFP.2.2.2.pack
                Keil.STM32F3xx_DFP.2.2.2
                STMicroelectronics STM32F3 Series Device Support and Examples
   * Component: Startup Version: 1.11.3

<h2>Collection of Component include folders:</h2>
  ./RTE/_stm32
  C:/Users/ctamayo/AppData/Local/Arm/Packs/ARM/CMSIS/5.9.0/CMSIS/Core/Include
  C:/Users/ctamayo/AppData/Local/Arm/Packs/Keil/STM32F3xx_DFP/2.2.2/Drivers/CMSIS/Device/ST/STM32F3xx/Include

<h2>Collection of Component Files used:</h2>

   * Component: ARM::CMSIS:CORE:5.6.0

   * Component: Keil.Standalone::Device:Startup:1.11.3
      Source file:   Drivers/CMSIS/Device/ST/STM32F3xx/Source/Templates/system_stm32f3xx.c
      Source file:   Drivers/CMSIS/Device/ST/STM32F3xx/Source/Templates/arm/startup_stm32f302x8.s
      Include file:  Drivers/CMSIS/Device/ST/STM32F3xx/Include/stm32f3xx.h
      Source file:   MDK/Device/Source/ARM/STM32F3xx_OPT.s
Build Time Elapsed:  00:00:01
</pre>
</body>
</html>
